Component: ARM Compiler 5.06 update 4 (build 422) Tool: armlink [4d35d2]

==============================================================================

Section Cross References

    system_stm32l4xx.o(i.SystemCoreClockUpdate) refers to system_stm32l4xx.o(.constdata) for MSIRangeTable
    system_stm32l4xx.o(i.SystemCoreClockUpdate) refers to system_stm32l4xx.o(.data) for SystemCoreClock
    quadspi.o(i.HAL_QSPI_MspDeInit) refers to stm32l4xx_hal_gpio.o(i.HAL_GPIO_DeInit) for HAL_GPIO_DeInit
    quadspi.o(i.HAL_QSPI_MspDeInit) refers to stm32l4xx_hal_cortex.o(i.HAL_NVIC_DisableIRQ) for HAL_NVIC_DisableIRQ
    quadspi.o(i.HAL_QSPI_MspInit) refers to stm32l4xx_hal_gpio.o(i.HAL_GPIO_Init) for HAL_GPIO_Init
    quadspi.o(i.HAL_QSPI_MspInit) refers to stm32l4xx_hal_cortex.o(i.HAL_NVIC_SetPriority) for HAL_NVIC_SetPriority
    quadspi.o(i.HAL_QSPI_MspInit) refers to stm32l4xx_hal_cortex.o(i.HAL_NVIC_EnableIRQ) for HAL_NVIC_EnableIRQ
    quadspi.o(i.MX_QUADSPI_Init) refers to stm32l4xx_hal_qspi.o(i.HAL_QSPI_Init) for HAL_QSPI_Init
    quadspi.o(i.MX_QUADSPI_Init) refers to main.o(i.Error_Handler) for Error_Handler
    quadspi.o(i.MX_QUADSPI_Init) refers to quadspi.o(.bss) for hqspi
    gpio.o(i.MX_GPIO_Init) refers to stm32l4xx_hal_gpio.o(i.HAL_GPIO_WritePin) for HAL_GPIO_WritePin
    gpio.o(i.MX_GPIO_Init) refers to stm32l4xx_hal_gpio.o(i.HAL_GPIO_Init) for HAL_GPIO_Init
    main.o(i.SystemClock_Config) refers to stm32l4xx_hal_rcc.o(i.HAL_RCC_OscConfig) for HAL_RCC_OscConfig
    main.o(i.SystemClock_Config) refers to main.o(i.Error_Handler) for Error_Handler
    main.o(i.SystemClock_Config) refers to stm32l4xx_hal_rcc.o(i.HAL_RCC_ClockConfig) for HAL_RCC_ClockConfig
    main.o(i.SystemClock_Config) refers to stm32l4xx_hal_rcc_ex.o(i.HAL_RCCEx_PeriphCLKConfig) for HAL_RCCEx_PeriphCLKConfig
    main.o(i.SystemClock_Config) refers to stm32l4xx_hal_pwr_ex.o(i.HAL_PWREx_ControlVoltageScaling) for HAL_PWREx_ControlVoltageScaling
    main.o(i.SystemClock_Config) refers to stm32l4xx_hal_rcc.o(i.HAL_RCC_GetHCLKFreq) for HAL_RCC_GetHCLKFreq
    main.o(i.SystemClock_Config) refers to stm32l4xx_hal_cortex.o(i.HAL_SYSTICK_Config) for HAL_SYSTICK_Config
    main.o(i.SystemClock_Config) refers to stm32l4xx_hal_cortex.o(i.HAL_SYSTICK_CLKSourceConfig) for HAL_SYSTICK_CLKSourceConfig
    main.o(i.SystemClock_Config) refers to stm32l4xx_hal_cortex.o(i.HAL_NVIC_SetPriority) for HAL_NVIC_SetPriority
    main.o(i.main) refers to stm32l4xx_hal.o(i.HAL_Init) for HAL_Init
    main.o(i.main) refers to main.o(i.SystemClock_Config) for SystemClock_Config
    main.o(i.main) refers to gpio.o(i.MX_GPIO_Init) for MX_GPIO_Init
    main.o(i.main) refers to quadspi.o(i.MX_QUADSPI_Init) for MX_QUADSPI_Init
    main.o(i.main) refers to crc.o(i.MX_CRC_Init) for MX_CRC_Init
    main.o(i.main) refers to rng.o(i.MX_RNG_Init) for MX_RNG_Init
    main.o(i.main) refers to module.o(i.foo) for foo
    stm32l4xx_it.o(i.QUADSPI_IRQHandler) refers to stm32l4xx_hal_qspi.o(i.HAL_QSPI_IRQHandler) for HAL_QSPI_IRQHandler
    stm32l4xx_it.o(i.QUADSPI_IRQHandler) refers to quadspi.o(.bss) for hqspi
    stm32l4xx_it.o(i.SysTick_Handler) refers to stm32l4xx_hal.o(i.HAL_IncTick) for HAL_IncTick
    stm32l4xx_it.o(i.SysTick_Handler) refers to stm32l4xx_hal_cortex.o(i.HAL_SYSTICK_IRQHandler) for HAL_SYSTICK_IRQHandler
    stm32l4xx_hal_msp.o(i.HAL_MspInit) refers to stm32l4xx_hal_cortex.o(i.HAL_NVIC_SetPriorityGrouping) for HAL_NVIC_SetPriorityGrouping
    stm32l4xx_hal_msp.o(i.HAL_MspInit) refers to stm32l4xx_hal_cortex.o(i.HAL_NVIC_SetPriority) for HAL_NVIC_SetPriority
    crc.o(i.MX_CRC_Init) refers to stm32l4xx_hal_crc.o(i.HAL_CRC_Init) for HAL_CRC_Init
    crc.o(i.MX_CRC_Init) refers to main.o(i.Error_Handler) for Error_Handler
    crc.o(i.MX_CRC_Init) refers to crc.o(.bss) for hcrc
    rng.o(i.MX_RNG_Init) refers to stm32l4xx_hal_rng.o(i.HAL_RNG_Init) for HAL_RNG_Init
    rng.o(i.MX_RNG_Init) refers to main.o(i.Error_Handler) for Error_Handler
    rng.o(i.MX_RNG_Init) refers to rng.o(.bss) for hrng
    startup_stm32l433xx.o(RESET) refers to startup_stm32l433xx.o(STACK) for __initial_sp
    startup_stm32l433xx.o(RESET) refers to startup_stm32l433xx.o(.text) for Reset_Handler
    startup_stm32l433xx.o(RESET) refers to stm32l4xx_it.o(i.NMI_Handler) for NMI_Handler
    startup_stm32l433xx.o(RESET) refers to stm32l4xx_it.o(i.HardFault_Handler) for HardFault_Handler
    startup_stm32l433xx.o(RESET) refers to stm32l4xx_it.o(i.MemManage_Handler) for MemManage_Handler
    startup_stm32l433xx.o(RESET) refers to stm32l4xx_it.o(i.BusFault_Handler) for BusFault_Handler
    startup_stm32l433xx.o(RESET) refers to stm32l4xx_it.o(i.UsageFault_Handler) for UsageFault_Handler
    startup_stm32l433xx.o(RESET) refers to stm32l4xx_it.o(i.SVC_Handler) for SVC_Handler
    startup_stm32l433xx.o(RESET) refers to stm32l4xx_it.o(i.DebugMon_Handler) for DebugMon_Handler
    startup_stm32l433xx.o(RESET) refers to stm32l4xx_it.o(i.PendSV_Handler) for PendSV_Handler
[...]
    stm32l4xx_hal_i2c.o(i.HAL_I2C_Slave_Sequential_Receive_IT) refers to main.o(i.assert_failed) for assert_failed
    stm32l4xx_hal_i2c.o(i.HAL_I2C_Slave_Sequential_Receive_IT) refers to stm32l4xx_hal_i2c.o(i.I2C_Disable_IRQ) for I2C_Disable_IRQ
    stm32l4xx_hal_i2c.o(i.HAL_I2C_Slave_Sequential_Receive_IT) refers to stm32l4xx_hal_i2c.o(i.I2C_Enable_IRQ) for I2C_Enable_IRQ
    stm32l4xx_hal_i2c.o(i.HAL_I2C_Slave_Sequential_Receive_IT) refers to stm32l4xx_hal_i2c.o(i.I2C_Slave_ISR_IT) for I2C_Slave_ISR_IT
    stm32l4xx_hal_i2c.o(i.HAL_I2C_Slave_Sequential_Transmit_IT) refers to main.o(i.assert_failed) for assert_failed
    stm32l4xx_hal_i2c.o(i.HAL_I2C_Slave_Sequential_Transmit_IT) refers to stm32l4xx_hal_i2c.o(i.I2C_Disable_IRQ) for I2C_Disable_IRQ
    stm32l4xx_hal_i2c.o(i.HAL_I2C_Slave_Sequential_Transmit_IT) refers to stm32l4xx_hal_i2c.o(i.I2C_Enable_IRQ) for I2C_Enable_IRQ
    stm32l4xx_hal_i2c.o(i.HAL_I2C_Slave_Sequential_Transmit_IT) refers to stm32l4xx_hal_i2c.o(i.I2C_Slave_ISR_IT) for I2C_Slave_ISR_IT
    stm32l4xx_hal_i2c.o(i.HAL_I2C_Slave_Transmit) refers to stm32l4xx_hal.o(i.HAL_GetTick) for HAL_GetTick
    stm32l4xx_hal_i2c.o(i.HAL_I2C_Slave_Transmit) refers to stm32l4xx_hal_i2c.o(i.I2C_WaitOnFlagUntilTimeout) for I2C_WaitOnFlagUntilTimeout
    stm32l4xx_hal_i2c.o(i.HAL_I2C_Slave_Transmit) refers to stm32l4xx_hal_i2c.o(i.I2C_WaitOnTXISFlagUntilTimeout) for I2C_WaitOnTXISFlagUntilTimeout
    stm32l4xx_hal_i2c.o(i.HAL_I2C_Slave_Transmit) refers to stm32l4xx_hal_i2c.o(i.I2C_WaitOnSTOPFlagUntilTimeout) for I2C_WaitOnSTOPFlagUntilTimeout
    stm32l4xx_hal_i2c.o(i.HAL_I2C_Slave_Transmit_DMA) refers to stm32l4xx_hal_dma.o(i.HAL_DMA_Start_IT) for HAL_DMA_Start_IT
    stm32l4xx_hal_i2c.o(i.HAL_I2C_Slave_Transmit_DMA) refers to stm32l4xx_hal_i2c.o(i.I2C_Enable_IRQ) for I2C_Enable_IRQ
    stm32l4xx_hal_i2c.o(i.HAL_I2C_Slave_Transmit_DMA) refers to stm32l4xx_hal_i2c.o(i.I2C_Slave_ISR_DMA) for I2C_Slave_ISR_DMA
    stm32l4xx_hal_i2c.o(i.HAL_I2C_Slave_Transmit_DMA) refers to stm32l4xx_hal_i2c.o(i.I2C_DMASlaveTransmitCplt) for I2C_DMASlaveTransmitCplt
    stm32l4xx_hal_i2c.o(i.HAL_I2C_Slave_Transmit_DMA) refers to stm32l4xx_hal_i2c.o(i.I2C_DMAError) for I2C_DMAError
    stm32l4xx_hal_i2c.o(i.HAL_I2C_Slave_Transmit_IT) refers to stm32l4xx_hal_i2c.o(i.I2C_Enable_IRQ) for I2C_Enable_IRQ
    stm32l4xx_hal_i2c.o(i.HAL_I2C_Slave_Transmit_IT) refers to stm32l4xx_hal_i2c.o(i.I2C_Slave_ISR_IT) for I2C_Slave_ISR_IT
    stm32l4xx_hal_i2c.o(i.I2C_DMAAbort) refers to stm32l4xx_hal_i2c.o(i.HAL_I2C_AbortCpltCallback) for HAL_I2C_AbortCpltCallback
    stm32l4xx_hal_i2c.o(i.I2C_DMAAbort) refers to stm32l4xx_hal_i2c.o(i.HAL_I2C_ErrorCallback) for HAL_I2C_ErrorCallback
    stm32l4xx_hal_i2c.o(i.I2C_DMAError) refers to stm32l4xx_hal_i2c.o(i.I2C_ITError) for I2C_ITError
    stm32l4xx_hal_i2c.o(i.I2C_DMAMasterReceiveCplt) refers to stm32l4xx_hal_i2c.o(i.I2C_Enable_IRQ) for I2C_Enable_IRQ
    stm32l4xx_hal_i2c.o(i.I2C_DMAMasterReceiveCplt) refers to stm32l4xx_hal_dma.o(i.HAL_DMA_Start_IT) for HAL_DMA_Start_IT
    stm32l4xx_hal_i2c.o(i.I2C_DMAMasterTransmitCplt) refers to stm32l4xx_hal_i2c.o(i.I2C_Enable_IRQ) for I2C_Enable_IRQ
    stm32l4xx_hal_i2c.o(i.I2C_DMAMasterTransmitCplt) refers to stm32l4xx_hal_dma.o(i.HAL_DMA_Start_IT) for HAL_DMA_Start_IT
    stm32l4xx_hal_i2c.o(i.I2C_Enable_IRQ) refers to stm32l4xx_hal_i2c.o(i.I2C_Master_ISR_DMA) for I2C_Master_ISR_DMA
    stm32l4xx_hal_i2c.o(i.I2C_Enable_IRQ) refers to stm32l4xx_hal_i2c.o(i.I2C_Slave_ISR_DMA) for I2C_Slave_ISR_DMA
    stm32l4xx_hal_i2c.o(i.I2C_ITAddrCplt) refers to stm32l4xx_hal_i2c.o(i.HAL_I2C_AddrCallback) for HAL_I2C_AddrCallback
    stm32l4xx_hal_i2c.o(i.I2C_ITAddrCplt) refers to stm32l4xx_hal_i2c.o(i.I2C_Disable_IRQ) for I2C_Disable_IRQ
    stm32l4xx_hal_i2c.o(i.I2C_ITError) refers to stm32l4xx_hal_i2c.o(i.I2C_Disable_IRQ) for I2C_Disable_IRQ
    stm32l4xx_hal_i2c.o(i.I2C_ITError) refers to stm32l4xx_hal_dma.o(i.HAL_DMA_Abort_IT) for HAL_DMA_Abort_IT
    stm32l4xx_hal_i2c.o(i.I2C_ITError) refers to stm32l4xx_hal_i2c.o(i.HAL_I2C_AbortCpltCallback) for HAL_I2C_AbortCpltCallback
    stm32l4xx_hal_i2c.o(i.I2C_ITError) refers to stm32l4xx_hal_i2c.o(i.HAL_I2C_ErrorCallback) for HAL_I2C_ErrorCallback
    stm32l4xx_hal_i2c.o(i.I2C_ITError) refers to stm32l4xx_hal_i2c.o(i.I2C_Slave_ISR_IT) for I2C_Slave_ISR_IT
    stm32l4xx_hal_i2c.o(i.I2C_ITError) refers to stm32l4xx_hal_i2c.o(i.I2C_DMAAbort) for I2C_DMAAbort
    stm32l4xx_hal_i2c.o(i.I2C_ITListenCplt) refers to stm32l4xx_hal_i2c.o(i.I2C_Disable_IRQ) for I2C_Disable_IRQ
    stm32l4xx_hal_i2c.o(i.I2C_ITListenCplt) refers to stm32l4xx_hal_i2c.o(i.HAL_I2C_ListenCpltCallback) for HAL_I2C_ListenCpltCallback
    stm32l4xx_hal_i2c.o(i.I2C_ITMasterCplt) refers to stm32l4xx_hal_i2c.o(i.I2C_Flush_TXDR) for I2C_Flush_TXDR
    stm32l4xx_hal_i2c.o(i.I2C_ITMasterCplt) refers to stm32l4xx_hal_i2c.o(i.I2C_Disable_IRQ) for I2C_Disable_IRQ
    stm32l4xx_hal_i2c.o(i.I2C_ITMasterCplt) refers to stm32l4xx_hal_i2c.o(i.I2C_ITError) for I2C_ITError
    stm32l4xx_hal_i2c.o(i.I2C_ITMasterCplt) refers to stm32l4xx_hal_i2c.o(i.HAL_I2C_MemTxCpltCallback) for HAL_I2C_MemTxCpltCallback
    stm32l4xx_hal_i2c.o(i.I2C_ITMasterCplt) refers to stm32l4xx_hal_i2c.o(i.HAL_I2C_MasterTxCpltCallback) for HAL_I2C_MasterTxCpltCallback
    stm32l4xx_hal_i2c.o(i.I2C_ITMasterCplt) refers to stm32l4xx_hal_i2c.o(i.HAL_I2C_MemRxCpltCallback) for HAL_I2C_MemRxCpltCallback
    stm32l4xx_hal_i2c.o(i.I2C_ITMasterCplt) refers to stm32l4xx_hal_i2c.o(i.HAL_I2C_MasterRxCpltCallback) for HAL_I2C_MasterRxCpltCallback
    stm32l4xx_hal_i2c.o(i.I2C_ITMasterSequentialCplt) refers to stm32l4xx_hal_i2c.o(i.I2C_Disable_IRQ) for I2C_Disable_IRQ
    stm32l4xx_hal_i2c.o(i.I2C_ITMasterSequentialCplt) refers to stm32l4xx_hal_i2c.o(i.HAL_I2C_MasterTxCpltCallback) for HAL_I2C_MasterTxCpltCallback
    stm32l4xx_hal_i2c.o(i.I2C_ITMasterSequentialCplt) refers to stm32l4xx_hal_i2c.o(i.HAL_I2C_MasterRxCpltCallback) for HAL_I2C_MasterRxCpltCallback
    stm32l4xx_hal_i2c.o(i.I2C_ITSlaveCplt) refers to stm32l4xx_hal_i2c.o(i.I2C_Disable_IRQ) for I2C_Disable_IRQ
    stm32l4xx_hal_i2c.o(i.I2C_ITSlaveCplt) refers to stm32l4xx_hal_i2c.o(i.I2C_Flush_TXDR) for I2C_Flush_TXDR
    stm32l4xx_hal_i2c.o(i.I2C_ITSlaveCplt) refers to stm32l4xx_hal_i2c.o(i.I2C_ITError) for I2C_ITError
    stm32l4xx_hal_i2c.o(i.I2C_ITSlaveCplt) refers to stm32l4xx_hal_i2c.o(i.I2C_ITListenCplt) for I2C_ITListenCplt
    stm32l4xx_hal_i2c.o(i.I2C_ITSlaveCplt) refers to stm32l4xx_hal_i2c.o(i.HAL_I2C_ListenCpltCallback) for HAL_I2C_ListenCpltCallback
    stm32l4xx_hal_i2c.o(i.I2C_ITSlaveCplt) refers to stm32l4xx_hal_i2c.o(i.HAL_I2C_SlaveRxCpltCallback) for HAL_I2C_SlaveRxCpltCallback
    stm32l4xx_hal_i2c.o(i.I2C_ITSlaveCplt) refers to stm32l4xx_hal_i2c.o(i.HAL_I2C_SlaveTxCpltCallback) for HAL_I2C_SlaveTxCpltCallback
    stm32l4xx_hal_i2c.o(i.I2C_ITSlaveSequentialCplt) refers to stm32l4xx_hal_i2c.o(i.I2C_Disable_IRQ) for I2C_Disable_IRQ
    stm32l4xx_hal_i2c.o(i.I2C_ITSlaveSequentialCplt) refers to stm32l4xx_hal_i2c.o(i.HAL_I2C_SlaveTxCpltCallback) for HAL_I2C_SlaveTxCpltCallback
    stm32l4xx_hal_i2c.o(i.I2C_ITSlaveSequentialCplt) refers to stm32l4xx_hal_i2c.o(i.HAL_I2C_SlaveRxCpltCallback) for HAL_I2C_SlaveRxCpltCallback
    stm32l4xx_hal_i2c.o(i.I2C_IsAcknowledgeFailed) refers to stm32l4xx_hal.o(i.HAL_GetTick) for HAL_GetTick
    stm32l4xx_hal_i2c.o(i.I2C_IsAcknowledgeFailed) refers to stm32l4xx_hal_i2c.o(i.I2C_Flush_TXDR) for I2C_Flush_TXDR
    stm32l4xx_hal_i2c.o(i.I2C_Master_ISR_DMA) refers to stm32l4xx_hal_i2c.o(i.I2C_Enable_IRQ) for I2C_Enable_IRQ
    stm32l4xx_hal_i2c.o(i.I2C_Master_ISR_DMA) refers to stm32l4xx_hal_i2c.o(i.I2C_Flush_TXDR) for I2C_Flush_TXDR
    stm32l4xx_hal_i2c.o(i.I2C_Master_ISR_DMA) refers to stm32l4xx_hal_i2c.o(i.I2C_TransferConfig) for I2C_TransferConfig
    stm32l4xx_hal_i2c.o(i.I2C_Master_ISR_DMA) refers to stm32l4xx_hal_i2c.o(i.I2C_ITError) for I2C_ITError
    stm32l4xx_hal_i2c.o(i.I2C_Master_ISR_DMA) refers to stm32l4xx_hal_i2c.o(i.I2C_ITMasterCplt) for I2C_ITMasterCplt
    stm32l4xx_hal_i2c.o(i.I2C_Master_ISR_IT) refers to stm32l4xx_hal_i2c.o(i.I2C_Flush_TXDR) for I2C_Flush_TXDR
    stm32l4xx_hal_i2c.o(i.I2C_Master_ISR_IT) refers to stm32l4xx_hal_i2c.o(i.I2C_TransferConfig) for I2C_TransferConfig
    stm32l4xx_hal_i2c.o(i.I2C_Master_ISR_IT) refers to stm32l4xx_hal_i2c.o(i.I2C_ITMasterSequentialCplt) for I2C_ITMasterSequentialCplt
    stm32l4xx_hal_i2c.o(i.I2C_Master_ISR_IT) refers to stm32l4xx_hal_i2c.o(i.I2C_ITError) for I2C_ITError
    stm32l4xx_hal_i2c.o(i.I2C_Master_ISR_IT) refers to stm32l4xx_hal_i2c.o(i.I2C_ITMasterCplt) for I2C_ITMasterCplt
    stm32l4xx_hal_i2c.o(i.I2C_RequestMemoryRead) refers to stm32l4xx_hal_i2c.o(i.I2C_TransferConfig) for I2C_TransferConfig
    stm32l4xx_hal_i2c.o(i.I2C_RequestMemoryRead) refers to stm32l4xx_hal_i2c.o(i.I2C_WaitOnTXISFlagUntilTimeout) for I2C_WaitOnTXISFlagUntilTimeout
    stm32l4xx_hal_i2c.o(i.I2C_RequestMemoryRead) refers to stm32l4xx_hal_i2c.o(i.I2C_WaitOnFlagUntilTimeout) for I2C_WaitOnFlagUntilTimeout
    stm32l4xx_hal_i2c.o(i.I2C_RequestMemoryWrite) refers to stm32l4xx_hal_i2c.o(i.I2C_TransferConfig) for I2C_TransferConfig
    stm32l4xx_hal_i2c.o(i.I2C_RequestMemoryWrite) refers to stm32l4xx_hal_i2c.o(i.I2C_WaitOnTXISFlagUntilTimeout) for I2C_WaitOnTXISFlagUntilTimeout
    stm32l4xx_hal_i2c.o(i.I2C_RequestMemoryWrite) refers to stm32l4xx_hal_i2c.o(i.I2C_WaitOnFlagUntilTimeout) for I2C_WaitOnFlagUntilTimeout
    stm32l4xx_hal_i2c.o(i.I2C_Slave_ISR_DMA) refers to stm32l4xx_hal_i2c.o(i.I2C_ITSlaveCplt) for I2C_ITSlaveCplt
    stm32l4xx_hal_i2c.o(i.I2C_Slave_ISR_IT) refers to stm32l4xx_hal_i2c.o(i.I2C_ITListenCplt) for I2C_ITListenCplt
    stm32l4xx_hal_i2c.o(i.I2C_Slave_ISR_IT) refers to stm32l4xx_hal_i2c.o(i.I2C_Flush_TXDR) for I2C_Flush_TXDR
    stm32l4xx_hal_i2c.o(i.I2C_Slave_ISR_IT) refers to stm32l4xx_hal_i2c.o(i.I2C_ITSlaveSequentialCplt) for I2C_ITSlaveSequentialCplt
    stm32l4xx_hal_i2c.o(i.I2C_Slave_ISR_IT) refers to stm32l4xx_hal_i2c.o(i.I2C_ITAddrCplt) for I2C_ITAddrCplt
    stm32l4xx_hal_i2c.o(i.I2C_Slave_ISR_IT) refers to stm32l4xx_hal_i2c.o(i.I2C_ITSlaveCplt) for I2C_ITSlaveCplt
    stm32l4xx_hal_i2c.o(i.I2C_TransferConfig) refers to main.o(i.assert_failed) for assert_failed
    stm32l4xx_hal_i2c.o(i.I2C_WaitOnFlagUntilTimeout) refers to stm32l4xx_hal.o(i.HAL_GetTick) for HAL_GetTick
    stm32l4xx_hal_i2c.o(i.I2C_WaitOnRXNEFlagUntilTimeout) refers to stm32l4xx_hal_i2c.o(i.I2C_IsAcknowledgeFailed) for I2C_IsAcknowledgeFailed
    stm32l4xx_hal_i2c.o(i.I2C_WaitOnRXNEFlagUntilTimeout) refers to stm32l4xx_hal.o(i.HAL_GetTick) for HAL_GetTick
    stm32l4xx_hal_i2c.o(i.I2C_WaitOnSTOPFlagUntilTimeout) refers to stm32l4xx_hal_i2c.o(i.I2C_IsAcknowledgeFailed) for I2C_IsAcknowledgeFailed
    stm32l4xx_hal_i2c.o(i.I2C_WaitOnSTOPFlagUntilTimeout) refers to stm32l4xx_hal.o(i.HAL_GetTick) for HAL_GetTick
    stm32l4xx_hal_i2c.o(i.I2C_WaitOnTXISFlagUntilTimeout) refers to stm32l4xx_hal_i2c.o(i.I2C_IsAcknowledgeFailed) for I2C_IsAcknowledgeFailed
    stm32l4xx_hal_i2c.o(i.I2C_WaitOnTXISFlagUntilTimeout) refers to stm32l4xx_hal.o(i.HAL_GetTick) for HAL_GetTick
    stm32l4xx_hal_gpio.o(i.HAL_GPIO_DeInit) refers to main.o(i.assert_failed) for assert_failed
    stm32l4xx_hal_gpio.o(i.HAL_GPIO_EXTI_IRQHandler) refers to stm32l4xx_hal_gpio.o(i.HAL_GPIO_EXTI_Callback) for HAL_GPIO_EXTI_Callback
    stm32l4xx_hal_gpio.o(i.HAL_GPIO_Init) refers to main.o(i.assert_failed) for assert_failed
    stm32l4xx_hal_gpio.o(i.HAL_GPIO_LockPin) refers to main.o(i.assert_failed) for assert_failed
    stm32l4xx_hal_gpio.o(i.HAL_GPIO_ReadPin) refers to main.o(i.assert_failed) for assert_failed
    stm32l4xx_hal_gpio.o(i.HAL_GPIO_TogglePin) refers to main.o(i.assert_failed) for assert_failed
    stm32l4xx_hal_gpio.o(i.HAL_GPIO_WritePin) refers to main.o(i.assert_failed) for assert_failed
    stm32l4xx_hal_pwr.o(i.HAL_PWR_ConfigPVD) refers to main.o(i.assert_failed) for assert_failed
    stm32l4xx_hal_pwr.o(i.HAL_PWR_DisableWakeUpPin) refers to main.o(i.assert_failed) for assert_failed
    stm32l4xx_hal_pwr.o(i.HAL_PWR_EnableWakeUpPin) refers to main.o(i.assert_failed) for assert_failed
    stm32l4xx_hal_pwr.o(i.HAL_PWR_EnterSLEEPMode) refers to main.o(i.assert_failed) for assert_failed
    stm32l4xx_hal_pwr.o(i.HAL_PWR_EnterSLEEPMode) refers to stm32l4xx_hal_pwr_ex.o(i.HAL_PWREx_DisableLowPowerRunMode) for HAL_PWREx_DisableLowPowerRunMode
    stm32l4xx_hal_pwr.o(i.HAL_PWR_EnterSLEEPMode) refers to stm32l4xx_hal_pwr_ex.o(i.HAL_PWREx_EnableLowPowerRunMode) for HAL_PWREx_EnableLowPowerRunMode
    stm32l4xx_hal_pwr.o(i.HAL_PWR_EnterSTOPMode) refers to main.o(i.assert_failed) for assert_failed
    stm32l4xx_hal_pwr.o(i.HAL_PWR_EnterSTOPMode) refers to stm32l4xx_hal_pwr_ex.o(i.HAL_PWREx_EnterSTOP1Mode) for HAL_PWREx_EnterSTOP1Mode
    stm32l4xx_hal_pwr.o(i.HAL_PWR_EnterSTOPMode) refers to stm32l4xx_hal_pwr_ex.o(i.HAL_PWREx_EnterSTOP0Mode) for HAL_PWREx_EnterSTOP0Mode
    stm32l4xx_hal_cortex.o(i.HAL_MPU_ConfigRegion) refers to main.o(i.assert_failed) for assert_failed
    stm32l4xx_hal_cortex.o(i.HAL_NVIC_DisableIRQ) refers to main.o(i.assert_failed) for assert_failed
    stm32l4xx_hal_cortex.o(i.HAL_NVIC_EnableIRQ) refers to main.o(i.assert_failed) for assert_failed
    stm32l4xx_hal_cortex.o(i.HAL_NVIC_GetPriority) refers to main.o(i.assert_failed) for assert_failed
    stm32l4xx_hal_cortex.o(i.HAL_NVIC_GetPriorityGrouping) refers to stm32l4xx_hal_cortex.o(i.NVIC_GetPriorityGrouping) for NVIC_GetPriorityGrouping
    stm32l4xx_hal_cortex.o(i.HAL_NVIC_SetPriority) refers to main.o(i.assert_failed) for assert_failed
    stm32l4xx_hal_cortex.o(i.HAL_NVIC_SetPriority) refers to stm32l4xx_hal_cortex.o(i.NVIC_GetPriorityGrouping) for NVIC_GetPriorityGrouping
    stm32l4xx_hal_cortex.o(i.HAL_NVIC_SetPriority) refers to stm32l4xx_hal_cortex.o(i.NVIC_SetPriority) for NVIC_SetPriority
    stm32l4xx_hal_cortex.o(i.HAL_NVIC_SetPriorityGrouping) refers to main.o(i.assert_failed) for assert_failed
    stm32l4xx_hal_cortex.o(i.HAL_SYSTICK_CLKSourceConfig) refers to main.o(i.assert_failed) for assert_failed
    stm32l4xx_hal_cortex.o(i.HAL_SYSTICK_Config) refers to stm32l4xx_hal_cortex.o(i.NVIC_SetPriority) for NVIC_SetPriority
    stm32l4xx_hal_cortex.o(i.HAL_SYSTICK_IRQHandler) refers to stm32l4xx_hal_cortex.o(i.HAL_SYSTICK_Callback) for HAL_SYSTICK_Callback
    stm32l4xx_hal_crc_ex.o(i.HAL_CRCEx_Input_Data_Reverse) refers to main.o(i.assert_failed) for assert_failed
    stm32l4xx_hal_crc_ex.o(i.HAL_CRCEx_Output_Data_Reverse) refers to main.o(i.assert_failed) for assert_failed
    stm32l4xx_hal_crc_ex.o(i.HAL_CRCEx_Polynomial_Set) refers to main.o(i.assert_failed) for assert_failed
    stm32l4xx_hal_rng.o(i.HAL_RNG_DeInit) refers to rng.o(i.HAL_RNG_MspDeInit) for HAL_RNG_MspDeInit
    stm32l4xx_hal_rng.o(i.HAL_RNG_GenerateRandomNumber) refers to stm32l4xx_hal.o(i.HAL_GetTick) for HAL_GetTick
    stm32l4xx_hal_rng.o(i.HAL_RNG_GetRandomNumber) refers to stm32l4xx_hal_rng.o(i.HAL_RNG_GenerateRandomNumber) for HAL_RNG_GenerateRandomNumber
    stm32l4xx_hal_rng.o(i.HAL_RNG_IRQHandler) refers to stm32l4xx_hal_rng.o(i.HAL_RNG_ErrorCallback) for HAL_RNG_ErrorCallback
    stm32l4xx_hal_rng.o(i.HAL_RNG_IRQHandler) refers to stm32l4xx_hal_rng.o(i.HAL_RNG_ReadyDataCallback) for HAL_RNG_ReadyDataCallback
    stm32l4xx_hal_rng.o(i.HAL_RNG_Init) refers to main.o(i.assert_failed) for assert_failed
    stm32l4xx_hal_rng.o(i.HAL_RNG_Init) refers to rng.o(i.HAL_RNG_MspInit) for HAL_RNG_MspInit
    stm32l4xx_hal_crc.o(i.HAL_CRC_Accumulate) refers to stm32l4xx_hal_crc.o(i.CRC_Handle_8) for CRC_Handle_8
    stm32l4xx_hal_crc.o(i.HAL_CRC_Accumulate) refers to stm32l4xx_hal_crc.o(i.CRC_Handle_16) for CRC_Handle_16
    stm32l4xx_hal_crc.o(i.HAL_CRC_Calculate) refers to stm32l4xx_hal_crc.o(i.CRC_Handle_8) for CRC_Handle_8
    stm32l4xx_hal_crc.o(i.HAL_CRC_Calculate) refers to stm32l4xx_hal_crc.o(i.CRC_Handle_16) for CRC_Handle_16
    stm32l4xx_hal_crc.o(i.HAL_CRC_DeInit) refers to main.o(i.assert_failed) for assert_failed
    stm32l4xx_hal_crc.o(i.HAL_CRC_DeInit) refers to crc.o(i.HAL_CRC_MspDeInit) for HAL_CRC_MspDeInit
    stm32l4xx_hal_crc.o(i.HAL_CRC_Init) refers to main.o(i.assert_failed) for assert_failed
    stm32l4xx_hal_crc.o(i.HAL_CRC_Init) refers to crc.o(i.HAL_CRC_MspInit) for HAL_CRC_MspInit
    stm32l4xx_hal_crc.o(i.HAL_CRC_Init) refers to stm32l4xx_hal_crc_ex.o(i.HAL_CRCEx_Polynomial_Set) for HAL_CRCEx_Polynomial_Set
    entry.o(.ARM.Collect$$$$00000000) refers (Special) to entry10a.o(.ARM.Collect$$$$0000000D) for __rt_final_cpp
    entry.o(.ARM.Collect$$$$00000000) refers (Special) to entry11a.o(.ARM.Collect$$$$0000000F) for __rt_final_exit
    entry.o(.ARM.Collect$$$$00000000) refers (Special) to entry7b.o(.ARM.Collect$$$$00000008) for _main_clock
    entry.o(.ARM.Collect$$$$00000000) refers (Special) to entry8b.o(.ARM.Collect$$$$0000000A) for _main_cpp_init
    entry.o(.ARM.Collect$$$$00000000) refers (Special) to entry9a.o(.ARM.Collect$$$$0000000B) for _main_init
    entry.o(.ARM.Collect$$$$00000000) refers (Special) to entry5.o(.ARM.Collect$$$$00000004) for _main_scatterload
    entry.o(.ARM.Collect$$$$00000000) refers (Special) to entry2.o(.ARM.Collect$$$$00000001) for _main_stk
    entry2.o(.ARM.Collect$$$$00000001) refers to entry2.o(.ARM.Collect$$$$00002712) for __lit__00000000
    entry2.o(.ARM.Collect$$$$00002712) refers to startup_stm32l433xx.o(STACK) for __initial_sp
    entry2.o(__vectab_stack_and_reset_area) refers to startup_stm32l433xx.o(STACK) for __initial_sp
    entry2.o(__vectab_stack_and_reset_area) refers to entry.o(.ARM.Collect$$$$00000000) for __main
    entry5.o(.ARM.Collect$$$$00000004) refers to init.o(.text) for __scatterload
    entry9a.o(.ARM.Collect$$$$0000000B) refers to main.o(i.main) for main
    entry9b.o(.ARM.Collect$$$$0000000C) refers to main.o(i.main) for main
    init.o(.text) refers to entry5.o(.ARM.Collect$$$$00000004) for __main_after_scatterload


==============================================================================

Removing Unused input sections from the image.

    Removing system_stm32l4xx.o(.rev16_text), (4 bytes).
    Removing system_stm32l4xx.o(.revsh_text), (4 bytes).
    Removing system_stm32l4xx.o(.rrx_text), (6 bytes).
    Removing system_stm32l4xx.o(i.SystemCoreClockUpdate), (236 bytes).
    Removing quadspi.o(.rev16_text), (4 bytes).
    Removing quadspi.o(.revsh_text), (4 bytes).
    Removing quadspi.o(.rrx_text), (6 bytes).
    Removing quadspi.o(i.HAL_QSPI_MspDeInit), (64 bytes).
    Removing gpio.o(.rev16_text), (4 bytes).
    Removing gpio.o(.revsh_text), (4 bytes).
    Removing gpio.o(.rrx_text), (6 bytes).
    Removing main.o(.rev16_text), (4 bytes).
    Removing main.o(.revsh_text), (4 bytes).
    Removing main.o(.rrx_text), (6 bytes).
    Removing stm32l4xx_it.o(.rev16_text), (4 bytes).
    Removing stm32l4xx_it.o(.revsh_text), (4 bytes).
    Removing stm32l4xx_it.o(.rrx_text), (6 bytes).
    Removing stm32l4xx_hal_msp.o(.rev16_text), (4 bytes).
    Removing stm32l4xx_hal_msp.o(.revsh_text), (4 bytes).
    Removing stm32l4xx_hal_msp.o(.rrx_text), (6 bytes).
    Removing crc.o(.rev16_text), (4 bytes).
    Removing crc.o(.revsh_text), (4 bytes).
    Removing crc.o(.rrx_text), (6 bytes).
    Removing crc.o(i.HAL_CRC_MspDeInit), (32 bytes).
    Removing rng.o(.rev16_text), (4 bytes).
    Removing rng.o(.revsh_text), (4 bytes).
    Removing rng.o(.rrx_text), (6 bytes).
    Removing rng.o(i.HAL_RNG_MspDeInit), (32 bytes).
    Removing startup_stm32l433xx.o(HEAP), (512 bytes).
    Removing stm32l4xx_hal_pwr_ex.o(.rev16_text), (4 bytes).
    Removing stm32l4xx_hal_pwr_ex.o(.revsh_text), (4 bytes).
    Removing stm32l4xx_hal_pwr_ex.o(.rrx_text), (6 bytes).
    Removing stm32l4xx_hal_pwr_ex.o(i.HAL_PWREx_ConfigPVM), (668 bytes).
    Removing stm32l4xx_hal_pwr_ex.o(i.HAL_PWREx_DisableBatteryCharging), (20 bytes).
    Removing stm32l4xx_hal_pwr_ex.o(i.HAL_PWREx_DisableGPIOPullDown), (232 bytes).
    Removing stm32l4xx_hal_pwr_ex.o(i.HAL_PWREx_DisableGPIOPullUp), (228 bytes).
    Removing stm32l4xx_hal_pwr_ex.o(i.HAL_PWREx_DisableInternalWakeUpLine), (20 bytes).
    Removing stm32l4xx_hal_pwr_ex.o(i.HAL_PWREx_DisableLowPowerRunMode), (84 bytes).
    Removing stm32l4xx_hal_pwr_ex.o(i.HAL_PWREx_DisablePVM1), (20 bytes).
    Removing stm32l4xx_hal_pwr_ex.o(i.HAL_PWREx_DisablePVM3), (20 bytes).
    Removing stm32l4xx_hal_pwr_ex.o(i.HAL_PWREx_DisablePVM4), (20 bytes).
    Removing stm32l4xx_hal_pwr_ex.o(i.HAL_PWREx_DisablePullUpPullDownConfig), (20 bytes).
    Removing stm32l4xx_hal_pwr_ex.o(i.HAL_PWREx_DisableSRAM2ContentRetention), (20 bytes).
    Removing stm32l4xx_hal_pwr_ex.o(i.HAL_PWREx_DisableVddUSB), (20 bytes).
    Removing stm32l4xx_hal_pwr_ex.o(i.HAL_PWREx_EnableBatteryCharging), (112 bytes).
    Removing stm32l4xx_hal_pwr_ex.o(i.HAL_PWREx_EnableGPIOPullDown), (292 bytes).
    Removing stm32l4xx_hal_pwr_ex.o(i.HAL_PWREx_EnableGPIOPullUp), (292 bytes).
    Removing stm32l4xx_hal_pwr_ex.o(i.HAL_PWREx_EnableInternalWakeUpLine), (20 bytes).
    Removing stm32l4xx_hal_pwr_ex.o(i.HAL_PWREx_EnableLowPowerRunMode), (20 bytes).
    Removing stm32l4xx_hal_pwr_ex.o(i.HAL_PWREx_EnablePVM1), (20 bytes).
    Removing stm32l4xx_hal_pwr_ex.o(i.HAL_PWREx_EnablePVM3), (20 bytes).
    Removing stm32l4xx_hal_pwr_ex.o(i.HAL_PWREx_EnablePVM4), (20 bytes).
    Removing stm32l4xx_hal_pwr_ex.o(i.HAL_PWREx_EnablePullUpPullDownConfig), (20 bytes).
    Removing stm32l4xx_hal_pwr_ex.o(i.HAL_PWREx_EnableSRAM2ContentRetention), (20 bytes).
    Removing stm32l4xx_hal_pwr_ex.o(i.HAL_PWREx_EnableVddUSB), (20 bytes).
    Removing stm32l4xx_hal_pwr_ex.o(i.HAL_PWREx_EnterSHUTDOWNMode), (44 bytes).
    Removing stm32l4xx_hal_pwr_ex.o(i.HAL_PWREx_EnterSTOP0Mode), (144 bytes).
    Removing stm32l4xx_hal_pwr_ex.o(i.HAL_PWREx_EnterSTOP1Mode), (148 bytes).
    Removing stm32l4xx_hal_pwr_ex.o(i.HAL_PWREx_EnterSTOP2Mode), (148 bytes).
    Removing stm32l4xx_hal_pwr_ex.o(i.HAL_PWREx_PVD_PVM_IRQHandler), (104 bytes).
    Removing stm32l4xx_hal_pwr_ex.o(i.HAL_PWREx_PVM1Callback), (2 bytes).
    Removing stm32l4xx_hal_pwr_ex.o(i.HAL_PWREx_PVM3Callback), (2 bytes).
    Removing stm32l4xx_hal_pwr_ex.o(i.HAL_PWREx_PVM4Callback), (2 bytes).
    Removing stm32l4xx_hal_rcc.o(.rev16_text), (4 bytes).
    Removing stm32l4xx_hal_rcc.o(.revsh_text), (4 bytes).
    Removing stm32l4xx_hal_rcc.o(.rrx_text), (6 bytes).
    Removing stm32l4xx_hal_rcc.o(i.HAL_RCC_CSSCallback), (2 bytes).
    Removing stm32l4xx_hal_rcc.o(i.HAL_RCC_DeInit), (128 bytes).
    Removing stm32l4xx_hal_rcc.o(i.HAL_RCC_EnableCSS), (20 bytes).
    Removing stm32l4xx_hal_rcc.o(i.HAL_RCC_GetClockConfig), (156 bytes).
    Removing stm32l4xx_hal_rcc.o(i.HAL_RCC_GetOscConfig), (484 bytes).
    Removing stm32l4xx_hal_rcc.o(i.HAL_RCC_GetPCLK1Freq), (44 bytes).
    Removing stm32l4xx_hal_rcc.o(i.HAL_RCC_GetPCLK2Freq), (44 bytes).
    Removing stm32l4xx_hal_rcc.o(i.HAL_RCC_MCOConfig), (260 bytes).
    Removing stm32l4xx_hal_rcc.o(i.HAL_RCC_NMI_IRQHandler), (36 bytes).
    Removing stm32l4xx_hal_qspi.o(.rev16_text), (4 bytes).
    Removing stm32l4xx_hal_qspi.o(.revsh_text), (4 bytes).
    Removing stm32l4xx_hal_qspi.o(.rrx_text), (6 bytes).
    Removing stm32l4xx_hal_qspi.o(i.HAL_QSPI_Abort), (142 bytes).
    Removing stm32l4xx_hal_qspi.o(i.HAL_QSPI_Abort_IT), (120 bytes).
    Removing stm32l4xx_hal_qspi.o(i.HAL_QSPI_AutoPolling), (680 bytes).
    Removing stm32l4xx_hal_qspi.o(i.HAL_QSPI_AutoPolling_IT), (700 bytes).
    Removing stm32l4xx_hal_qspi.o(i.HAL_QSPI_Command), (568 bytes).
    Removing stm32l4xx_hal_qspi.o(i.HAL_QSPI_Command_IT), (584 bytes).
    Removing stm32l4xx_hal_qspi.o(i.HAL_QSPI_DeInit), (70 bytes).
    Removing stm32l4xx_hal_qspi.o(i.HAL_QSPI_GetError), (6 bytes).
    Removing stm32l4xx_hal_qspi.o(i.HAL_QSPI_GetFifoThreshold), (28 bytes).
    Removing stm32l4xx_hal_qspi.o(i.HAL_QSPI_GetState), (8 bytes).
    Removing stm32l4xx_hal_qspi.o(i.HAL_QSPI_MemoryMapped), (620 bytes).
    Removing stm32l4xx_hal_qspi.o(i.HAL_QSPI_MspDeInit), (2 bytes).
    Removing stm32l4xx_hal_qspi.o(i.HAL_QSPI_MspInit), (2 bytes).
    Removing stm32l4xx_hal_qspi.o(i.HAL_QSPI_Receive), (232 bytes).
    Removing stm32l4xx_hal_qspi.o(i.HAL_QSPI_Receive_DMA), (384 bytes).
    Removing stm32l4xx_hal_qspi.o(i.HAL_QSPI_Receive_IT), (156 bytes).
    Removing stm32l4xx_hal_qspi.o(i.HAL_QSPI_RxHalfCpltCallback), (2 bytes).
    Removing stm32l4xx_hal_qspi.o(i.HAL_QSPI_SetFifoThreshold), (88 bytes).
    Removing stm32l4xx_hal_qspi.o(i.HAL_QSPI_Transmit), (210 bytes).
    Removing stm32l4xx_hal_qspi.o(i.HAL_QSPI_Transmit_DMA), (368 bytes).
    Removing stm32l4xx_hal_qspi.o(i.HAL_QSPI_Transmit_IT), (144 bytes).
    Removing stm32l4xx_hal_qspi.o(i.HAL_QSPI_TxHalfCpltCallback), (2 bytes).
    Removing stm32l4xx_hal_qspi.o(i.QSPI_Config), (688 bytes).
    Removing stm32l4xx_hal_qspi.o(i.QSPI_DMAError), (40 bytes).
    Removing stm32l4xx_hal_qspi.o(i.QSPI_DMARxCplt), (22 bytes).
    Removing stm32l4xx_hal_qspi.o(i.QSPI_DMARxHalfCplt), (14 bytes).
    Removing stm32l4xx_hal_qspi.o(i.QSPI_DMATxCplt), (22 bytes).
    Removing stm32l4xx_hal_qspi.o(i.QSPI_DMATxHalfCplt), (14 bytes).
    Removing stm32l4xx_hal_flash.o(.rev16_text), (4 bytes).
    Removing stm32l4xx_hal_flash.o(.revsh_text), (4 bytes).
    Removing stm32l4xx_hal_flash.o(.rrx_text), (6 bytes).
    Removing stm32l4xx_hal_flash.o(i.FLASH_Program_DoubleWord), (268 bytes).
    Removing stm32l4xx_hal_flash.o(i.FLASH_Program_Fast), (276 bytes).
    Removing stm32l4xx_hal_flash.o(i.FLASH_SetErrorCode), (344 bytes).
    Removing stm32l4xx_hal_flash.o(i.FLASH_WaitForLastOperation), (236 bytes).
    Removing stm32l4xx_hal_flash.o(i.HAL_FLASH_EndOfOperationCallback), (2 bytes).
    Removing stm32l4xx_hal_flash.o(i.HAL_FLASH_GetError), (12 bytes).
    Removing stm32l4xx_hal_flash.o(i.HAL_FLASH_IRQHandler), (460 bytes).
    Removing stm32l4xx_hal_flash.o(i.HAL_FLASH_Lock), (20 bytes).
    Removing stm32l4xx_hal_flash.o(i.HAL_FLASH_OB_Launch), (28 bytes).
    Removing stm32l4xx_hal_flash.o(i.HAL_FLASH_OB_Lock), (20 bytes).
    Removing stm32l4xx_hal_flash.o(i.HAL_FLASH_OB_Unlock), (44 bytes).
    Removing stm32l4xx_hal_flash.o(i.HAL_FLASH_OperationErrorCallback), (2 bytes).
    Removing stm32l4xx_hal_flash.o(i.HAL_FLASH_Program), (280 bytes).
    Removing stm32l4xx_hal_flash.o(i.HAL_FLASH_Program_IT), (244 bytes).
    Removing stm32l4xx_hal_flash.o(i.HAL_FLASH_Unlock), (44 bytes).
    Removing stm32l4xx_hal_flash.o(.bss), (32 bytes).
    Removing stm32l4xx_hal_tim.o(.rev16_text), (4 bytes).
    Removing stm32l4xx_hal_tim.o(.revsh_text), (4 bytes).
    Removing stm32l4xx_hal_tim.o(.rrx_text), (6 bytes).
    Removing stm32l4xx_hal_flash_ex.o(.rev16_text), (4 bytes).
    Removing stm32l4xx_hal_flash_ex.o(.revsh_text), (4 bytes).
    Removing stm32l4xx_hal_flash_ex.o(.rrx_text), (6 bytes).
    Removing stm32l4xx_hal_flash_ex.o(i.FLASH_FlushCaches), (120 bytes).
    Removing stm32l4xx_hal_flash_ex.o(i.FLASH_MassErase), (120 bytes).
    Removing stm32l4xx_hal_flash_ex.o(i.FLASH_OB_GetPCROP), (60 bytes).
    Removing stm32l4xx_hal_flash_ex.o(i.FLASH_OB_GetRDP), (36 bytes).
    Removing stm32l4xx_hal_flash_ex.o(i.FLASH_OB_GetUser), (16 bytes).
    Removing stm32l4xx_hal_flash_ex.o(i.FLASH_OB_GetWRP), (52 bytes).
    Removing stm32l4xx_hal_flash_ex.o(i.FLASH_OB_PCROPConfig), (552 bytes).
    Removing stm32l4xx_hal_flash_ex.o(i.FLASH_OB_RDPConfig), (156 bytes).
    Removing stm32l4xx_hal_flash_ex.o(i.FLASH_OB_UserConfig), (780 bytes).
    Removing stm32l4xx_hal_flash_ex.o(i.FLASH_OB_WRPConfig), (348 bytes).
    Removing stm32l4xx_hal_flash_ex.o(i.FLASH_PageErase), (204 bytes).
    Removing stm32l4xx_hal_flash_ex.o(i.HAL_FLASHEx_Erase), (356 bytes).
    Removing stm32l4xx_hal_flash_ex.o(i.HAL_FLASHEx_Erase_IT), (288 bytes).
    Removing stm32l4xx_hal_flash_ex.o(i.HAL_FLASHEx_OBGetConfig), (78 bytes).
    Removing stm32l4xx_hal_flash_ex.o(i.HAL_FLASHEx_OBProgram), (216 bytes).
    Removing stm32l4xx_hal_rcc_ex.o(.rev16_text), (4 bytes).
    Removing stm32l4xx_hal_rcc_ex.o(.revsh_text), (4 bytes).
    Removing stm32l4xx_hal_rcc_ex.o(.rrx_text), (6 bytes).
    Removing stm32l4xx_hal_rcc_ex.o(i.HAL_RCCEx_CRSConfig), (360 bytes).
    Removing stm32l4xx_hal_rcc_ex.o(i.HAL_RCCEx_CRSGetSynchronizationInfo), (152 bytes).
    Removing stm32l4xx_hal_rcc_ex.o(i.HAL_RCCEx_CRSSoftwareSynchronizationGenerate), (20 bytes).
    Removing stm32l4xx_hal_rcc_ex.o(i.HAL_RCCEx_CRSWaitSynchronization), (200 bytes).
    Removing stm32l4xx_hal_rcc_ex.o(i.HAL_RCCEx_CRS_ErrorCallback), (2 bytes).
    Removing stm32l4xx_hal_rcc_ex.o(i.HAL_RCCEx_CRS_ExpectedSyncCallback), (2 bytes).
    Removing stm32l4xx_hal_rcc_ex.o(i.HAL_RCCEx_CRS_IRQHandler), (144 bytes).
    Removing stm32l4xx_hal_rcc_ex.o(i.HAL_RCCEx_CRS_SyncOkCallback), (2 bytes).
    Removing stm32l4xx_hal_rcc_ex.o(i.HAL_RCCEx_CRS_SyncWarnCallback), (2 bytes).
    Removing stm32l4xx_hal_rcc_ex.o(i.HAL_RCCEx_DisableLSCO), (112 bytes).
    Removing stm32l4xx_hal_rcc_ex.o(i.HAL_RCCEx_DisableLSECSS), (32 bytes).
    Removing stm32l4xx_hal_rcc_ex.o(i.HAL_RCCEx_DisableMSIPLLMode), (20 bytes).
    Removing stm32l4xx_hal_rcc_ex.o(i.HAL_RCCEx_DisablePLLSAI1), (100 bytes).
    Removing stm32l4xx_hal_rcc_ex.o(i.HAL_RCCEx_EnableLSCO), (260 bytes).
    Removing stm32l4xx_hal_rcc_ex.o(i.HAL_RCCEx_EnableLSECSS), (24 bytes).
    Removing stm32l4xx_hal_rcc_ex.o(i.HAL_RCCEx_EnableLSECSS_IT), (64 bytes).
    Removing stm32l4xx_hal_rcc_ex.o(i.HAL_RCCEx_EnableMSIPLLMode), (20 bytes).
    Removing stm32l4xx_hal_rcc_ex.o(i.HAL_RCCEx_EnablePLLSAI1), (512 bytes).
    Removing stm32l4xx_hal_rcc_ex.o(i.HAL_RCCEx_GetPeriphCLKConfig), (364 bytes).
    Removing stm32l4xx_hal_rcc_ex.o(i.HAL_RCCEx_GetPeriphCLKFreq), (2258 bytes).
    Removing stm32l4xx_hal_rcc_ex.o(i.HAL_RCCEx_LSECSS_Callback), (2 bytes).
    Removing stm32l4xx_hal_rcc_ex.o(i.HAL_RCCEx_LSECSS_IRQHandler), (36 bytes).
    Removing stm32l4xx_hal_rcc_ex.o(i.HAL_RCCEx_StandbyMSIRangeConfig), (120 bytes).
    Removing stm32l4xx_hal_rcc_ex.o(i.HAL_RCCEx_WakeUpStopCLKConfig), (104 bytes).
    Removing stm32l4xx_hal_dma.o(.rev16_text), (4 bytes).
    Removing stm32l4xx_hal_dma.o(.revsh_text), (4 bytes).
    Removing stm32l4xx_hal_dma.o(.rrx_text), (6 bytes).
    Removing stm32l4xx_hal_dma.o(i.DMA_SetConfig), (44 bytes).
    Removing stm32l4xx_hal_dma.o(i.HAL_DMA_Abort), (74 bytes).
    Removing stm32l4xx_hal_dma.o(i.HAL_DMA_DeInit), (384 bytes).
    Removing stm32l4xx_hal_dma.o(i.HAL_DMA_GetError), (6 bytes).
    Removing stm32l4xx_hal_dma.o(i.HAL_DMA_GetState), (8 bytes).
    Removing stm32l4xx_hal_dma.o(i.HAL_DMA_IRQHandler), (230 bytes).
    Removing stm32l4xx_hal_dma.o(i.HAL_DMA_Init), (712 bytes).
    Removing stm32l4xx_hal_dma.o(i.HAL_DMA_PollForTransfer), (234 bytes).
    Removing stm32l4xx_hal_dma.o(i.HAL_DMA_RegisterCallback), (90 bytes).
    Removing stm32l4xx_hal_dma.o(i.HAL_DMA_Start), (192 bytes).
    Removing stm32l4xx_hal_dma.o(i.HAL_DMA_Start_IT), (232 bytes).
    Removing stm32l4xx_hal_dma.o(i.HAL_DMA_UnRegisterCallback), (106 bytes).
    Removing stm32l4xx_hal_i2c_ex.o(.rev16_text), (4 bytes).
    Removing stm32l4xx_hal_i2c_ex.o(.revsh_text), (4 bytes).
    Removing stm32l4xx_hal_i2c_ex.o(.rrx_text), (6 bytes).
    Removing stm32l4xx_hal_i2c_ex.o(i.HAL_I2CEx_ConfigAnalogFilter), (236 bytes).
    Removing stm32l4xx_hal_i2c_ex.o(i.HAL_I2CEx_ConfigDigitalFilter), (228 bytes).
    Removing stm32l4xx_hal_i2c_ex.o(i.HAL_I2CEx_DisableFastModePlus), (204 bytes).
    Removing stm32l4xx_hal_i2c_ex.o(i.HAL_I2CEx_DisableWakeUp), (204 bytes).
    Removing stm32l4xx_hal_i2c_ex.o(i.HAL_I2CEx_EnableFastModePlus), (204 bytes).
    Removing stm32l4xx_hal_i2c_ex.o(i.HAL_I2CEx_EnableWakeUp), (204 bytes).
    Removing stm32l4xx_hal_flash_ramfunc.o(.rev16_text), (4 bytes).
    Removing stm32l4xx_hal_flash_ramfunc.o(.revsh_text), (4 bytes).
    Removing stm32l4xx_hal_flash_ramfunc.o(.rrx_text), (6 bytes).
    Removing stm32l4xx_hal_flash_ramfunc.o(i.HAL_FLASHEx_DisableRunPowerDown), (40 bytes).
    Removing stm32l4xx_hal_flash_ramfunc.o(i.HAL_FLASHEx_EnableRunPowerDown), (40 bytes).
    Removing stm32l4xx_hal_tim_ex.o(.rev16_text), (4 bytes).
    Removing stm32l4xx_hal_tim_ex.o(.revsh_text), (4 bytes).
    Removing stm32l4xx_hal_tim_ex.o(.rrx_text), (6 bytes).
    Removing stm32l4xx_hal.o(.rev16_text), (4 bytes).
    Removing stm32l4xx_hal.o(.revsh_text), (4 bytes).
    Removing stm32l4xx_hal.o(.rrx_text), (6 bytes).
    Removing stm32l4xx_hal.o(i.HAL_DBGMCU_DisableDBGSleepMode), (20 bytes).
    Removing stm32l4xx_hal.o(i.HAL_DBGMCU_DisableDBGStandbyMode), (20 bytes).
    Removing stm32l4xx_hal.o(i.HAL_DBGMCU_DisableDBGStopMode), (20 bytes).
    Removing stm32l4xx_hal.o(i.HAL_DBGMCU_EnableDBGSleepMode), (20 bytes).
    Removing stm32l4xx_hal.o(i.HAL_DBGMCU_EnableDBGStandbyMode), (20 bytes).
    Removing stm32l4xx_hal.o(i.HAL_DBGMCU_EnableDBGStopMode), (20 bytes).
    Removing stm32l4xx_hal.o(i.HAL_DeInit), (60 bytes).
    Removing stm32l4xx_hal.o(i.HAL_Delay), (26 bytes).
    Removing stm32l4xx_hal.o(i.HAL_GetDEVID), (16 bytes).
    Removing stm32l4xx_hal.o(i.HAL_GetHalVersion), (6 bytes).
    Removing stm32l4xx_hal.o(i.HAL_GetREVID), (12 bytes).
    Removing stm32l4xx_hal.o(i.HAL_MspDeInit), (2 bytes).
    Removing stm32l4xx_hal.o(i.HAL_MspInit), (2 bytes).
    Removing stm32l4xx_hal.o(i.HAL_ResumeTick), (18 bytes).
    Removing stm32l4xx_hal.o(i.HAL_SYSCFG_DisableIOAnalogSwitchBooster), (20 bytes).
    Removing stm32l4xx_hal.o(i.HAL_SYSCFG_DisableMemorySwappingBank), (12 bytes).
    Removing stm32l4xx_hal.o(i.HAL_SYSCFG_DisableVREFBUF), (20 bytes).
    Removing stm32l4xx_hal.o(i.HAL_SYSCFG_EnableIOAnalogSwitchBooster), (20 bytes).
    Removing stm32l4xx_hal.o(i.HAL_SYSCFG_EnableMemorySwappingBank), (12 bytes).
    Removing stm32l4xx_hal.o(i.HAL_SYSCFG_EnableVREFBUF), (60 bytes).
    Removing stm32l4xx_hal.o(i.HAL_SYSCFG_SRAM2Erase), (28 bytes).
    Removing stm32l4xx_hal.o(i.HAL_SYSCFG_VREFBUF_HighImpedanceConfig), (96 bytes).
    Removing stm32l4xx_hal.o(i.HAL_SYSCFG_VREFBUF_TrimmingConfig), (96 bytes).
    Removing stm32l4xx_hal.o(i.HAL_SYSCFG_VREFBUF_VoltageScalingConfig), (96 bytes).
    Removing stm32l4xx_hal.o(i.HAL_SuspendTick), (18 bytes).
    Removing stm32l4xx_hal_i2c.o(.rev16_text), (4 bytes).
    Removing stm32l4xx_hal_i2c.o(.revsh_text), (4 bytes).
    Removing stm32l4xx_hal_i2c.o(.rrx_text), (6 bytes).
    Removing stm32l4xx_hal_i2c.o(i.HAL_I2C_AbortCpltCallback), (2 bytes).
    Removing stm32l4xx_hal_i2c.o(i.HAL_I2C_AddrCallback), (2 bytes).
    Removing stm32l4xx_hal_i2c.o(i.HAL_I2C_DeInit), (164 bytes).
    Removing stm32l4xx_hal_i2c.o(i.HAL_I2C_DisableListen_IT), (54 bytes).
    Removing stm32l4xx_hal_i2c.o(i.HAL_I2C_ER_IRQHandler), (114 bytes).
    Removing stm32l4xx_hal_i2c.o(i.HAL_I2C_EV_IRQHandler), (28 bytes).
    Removing stm32l4xx_hal_i2c.o(i.HAL_I2C_EnableListen_IT), (44 bytes).
    Removing stm32l4xx_hal_i2c.o(i.HAL_I2C_ErrorCallback), (2 bytes).
    Removing stm32l4xx_hal_i2c.o(i.HAL_I2C_GetError), (6 bytes).
    Removing stm32l4xx_hal_i2c.o(i.HAL_I2C_GetMode), (8 bytes).
    Removing stm32l4xx_hal_i2c.o(i.HAL_I2C_GetState), (8 bytes).
    Removing stm32l4xx_hal_i2c.o(i.HAL_I2C_Init), (492 bytes).
    Removing stm32l4xx_hal_i2c.o(i.HAL_I2C_IsDeviceReady), (344 bytes).
    Removing stm32l4xx_hal_i2c.o(i.HAL_I2C_ListenCpltCallback), (2 bytes).
    Removing stm32l4xx_hal_i2c.o(i.HAL_I2C_MasterRxCpltCallback), (2 bytes).
    Removing stm32l4xx_hal_i2c.o(i.HAL_I2C_MasterTxCpltCallback), (2 bytes).
    Removing stm32l4xx_hal_i2c.o(i.HAL_I2C_Master_Abort_IT), (102 bytes).
    Removing stm32l4xx_hal_i2c.o(i.HAL_I2C_Master_Receive), (380 bytes).
    Removing stm32l4xx_hal_i2c.o(i.HAL_I2C_Master_Receive_DMA), (292 bytes).
    Removing stm32l4xx_hal_i2c.o(i.HAL_I2C_Master_Receive_IT), (168 bytes).
    Removing stm32l4xx_hal_i2c.o(i.HAL_I2C_Master_Sequential_Receive_IT), (262 bytes).
    Removing stm32l4xx_hal_i2c.o(i.HAL_I2C_Master_Sequential_Transmit_IT), (262 bytes).
    Removing stm32l4xx_hal_i2c.o(i.HAL_I2C_Master_Transmit), (372 bytes).
    Removing stm32l4xx_hal_i2c.o(i.HAL_I2C_Master_Transmit_DMA), (292 bytes).
    Removing stm32l4xx_hal_i2c.o(i.HAL_I2C_Master_Transmit_IT), (168 bytes).
    Removing stm32l4xx_hal_i2c.o(i.HAL_I2C_MemRxCpltCallback), (2 bytes).
    Removing stm32l4xx_hal_i2c.o(i.HAL_I2C_MemTxCpltCallback), (2 bytes).
    Removing stm32l4xx_hal_i2c.o(i.HAL_I2C_Mem_Read), (530 bytes).
    Removing stm32l4xx_hal_i2c.o(i.HAL_I2C_Mem_Read_DMA), (394 bytes).
    Removing stm32l4xx_hal_i2c.o(i.HAL_I2C_Mem_Read_IT), (326 bytes).
    Removing stm32l4xx_hal_i2c.o(i.HAL_I2C_Mem_Write), (530 bytes).
    Removing stm32l4xx_hal_i2c.o(i.HAL_I2C_Mem_Write_DMA), (394 bytes).
    Removing stm32l4xx_hal_i2c.o(i.HAL_I2C_Mem_Write_IT), (322 bytes).
    Removing stm32l4xx_hal_i2c.o(i.HAL_I2C_MspDeInit), (2 bytes).
    Removing stm32l4xx_hal_i2c.o(i.HAL_I2C_MspInit), (2 bytes).
    Removing stm32l4xx_hal_i2c.o(i.HAL_I2C_SlaveRxCpltCallback), (2 bytes).
    Removing stm32l4xx_hal_i2c.o(i.HAL_I2C_SlaveTxCpltCallback), (2 bytes).
    Removing stm32l4xx_hal_i2c.o(i.HAL_I2C_Slave_Receive), (378 bytes).
    Removing stm32l4xx_hal_i2c.o(i.HAL_I2C_Slave_Receive_DMA), (184 bytes).
    Removing stm32l4xx_hal_i2c.o(i.HAL_I2C_Slave_Receive_IT), (116 bytes).
    Removing stm32l4xx_hal_i2c.o(i.HAL_I2C_Slave_Sequential_Receive_IT), (264 bytes).
    Removing stm32l4xx_hal_i2c.o(i.HAL_I2C_Slave_Sequential_Transmit_IT), (264 bytes).
    Removing stm32l4xx_hal_i2c.o(i.HAL_I2C_Slave_Transmit), (392 bytes).
    Removing stm32l4xx_hal_i2c.o(i.HAL_I2C_Slave_Transmit_DMA), (184 bytes).
    Removing stm32l4xx_hal_i2c.o(i.HAL_I2C_Slave_Transmit_IT), (116 bytes).
    Removing stm32l4xx_hal_i2c.o(i.I2C_DMAAbort), (58 bytes).
    Removing stm32l4xx_hal_i2c.o(i.I2C_DMAError), (28 bytes).
    Removing stm32l4xx_hal_i2c.o(i.I2C_DMAMasterReceiveCplt), (82 bytes).
    Removing stm32l4xx_hal_i2c.o(i.I2C_DMAMasterTransmitCplt), (82 bytes).
    Removing stm32l4xx_hal_i2c.o(i.I2C_DMASlaveReceiveCplt), (2 bytes).
    Removing stm32l4xx_hal_i2c.o(i.I2C_DMASlaveTransmitCplt), (2 bytes).
    Removing stm32l4xx_hal_i2c.o(i.I2C_Disable_IRQ), (124 bytes).
    Removing stm32l4xx_hal_i2c.o(i.I2C_Enable_IRQ), (140 bytes).
    Removing stm32l4xx_hal_i2c.o(i.I2C_Flush_TXDR), (40 bytes).
    Removing stm32l4xx_hal_i2c.o(i.I2C_ITAddrCplt), (210 bytes).
    Removing stm32l4xx_hal_i2c.o(i.I2C_ITError), (280 bytes).
    Removing stm32l4xx_hal_i2c.o(i.I2C_ITListenCplt), (108 bytes).
    Removing stm32l4xx_hal_i2c.o(i.I2C_ITMasterCplt), (232 bytes).
    Removing stm32l4xx_hal_i2c.o(i.I2C_ITMasterSequentialCplt), (98 bytes).
    Removing stm32l4xx_hal_i2c.o(i.I2C_ITSlaveCplt), (304 bytes).
    Removing stm32l4xx_hal_i2c.o(i.I2C_ITSlaveSequentialCplt), (98 bytes).
    Removing stm32l4xx_hal_i2c.o(i.I2C_IsAcknowledgeFailed), (140 bytes).
    Removing stm32l4xx_hal_i2c.o(i.I2C_Master_ISR_DMA), (252 bytes).
    Removing stm32l4xx_hal_i2c.o(i.I2C_Master_ISR_IT), (398 bytes).
    Removing stm32l4xx_hal_i2c.o(i.I2C_RequestMemoryRead), (140 bytes).
    Removing stm32l4xx_hal_i2c.o(i.I2C_RequestMemoryWrite), (140 bytes).
    Removing stm32l4xx_hal_i2c.o(i.I2C_Slave_ISR_DMA), (144 bytes).
    Removing stm32l4xx_hal_i2c.o(i.I2C_Slave_ISR_IT), (320 bytes).
    Removing stm32l4xx_hal_i2c.o(i.I2C_TransferConfig), (220 bytes).
    Removing stm32l4xx_hal_i2c.o(i.I2C_WaitOnFlagUntilTimeout), (86 bytes).
    Removing stm32l4xx_hal_i2c.o(i.I2C_WaitOnRXNEFlagUntilTimeout), (144 bytes).
    Removing stm32l4xx_hal_i2c.o(i.I2C_WaitOnSTOPFlagUntilTimeout), (86 bytes).
    Removing stm32l4xx_hal_i2c.o(i.I2C_WaitOnTXISFlagUntilTimeout), (90 bytes).
    Removing stm32l4xx_hal_gpio.o(.rev16_text), (4 bytes).
    Removing stm32l4xx_hal_gpio.o(.revsh_text), (4 bytes).
    Removing stm32l4xx_hal_gpio.o(.rrx_text), (6 bytes).
    Removing stm32l4xx_hal_gpio.o(i.HAL_GPIO_DeInit), (428 bytes).
    Removing stm32l4xx_hal_gpio.o(i.HAL_GPIO_EXTI_Callback), (2 bytes).
    Removing stm32l4xx_hal_gpio.o(i.HAL_GPIO_EXTI_IRQHandler), (28 bytes).
    Removing stm32l4xx_hal_gpio.o(i.HAL_GPIO_LockPin), (200 bytes).
    Removing stm32l4xx_hal_gpio.o(i.HAL_GPIO_ReadPin), (104 bytes).
    Removing stm32l4xx_hal_gpio.o(i.HAL_GPIO_TogglePin), (96 bytes).
    Removing stm32l4xx_hal_pwr.o(.rev16_text), (4 bytes).
    Removing stm32l4xx_hal_pwr.o(.revsh_text), (4 bytes).
    Removing stm32l4xx_hal_pwr.o(.rrx_text), (6 bytes).
    Removing stm32l4xx_hal_pwr.o(i.HAL_PWR_ConfigPVD), (372 bytes).
    Removing stm32l4xx_hal_pwr.o(i.HAL_PWR_DeInit), (28 bytes).
    Removing stm32l4xx_hal_pwr.o(i.HAL_PWR_DisableBkUpAccess), (20 bytes).
    Removing stm32l4xx_hal_pwr.o(i.HAL_PWR_DisablePVD), (20 bytes).
    Removing stm32l4xx_hal_pwr.o(i.HAL_PWR_DisableSEVOnPend), (20 bytes).
    Removing stm32l4xx_hal_pwr.o(i.HAL_PWR_DisableSleepOnExit), (20 bytes).
    Removing stm32l4xx_hal_pwr.o(i.HAL_PWR_DisableWakeUpPin), (156 bytes).
    Removing stm32l4xx_hal_pwr.o(i.HAL_PWR_EnableBkUpAccess), (20 bytes).
    Removing stm32l4xx_hal_pwr.o(i.HAL_PWR_EnablePVD), (20 bytes).
    Removing stm32l4xx_hal_pwr.o(i.HAL_PWR_EnableSEVOnPend), (20 bytes).
    Removing stm32l4xx_hal_pwr.o(i.HAL_PWR_EnableSleepOnExit), (20 bytes).
    Removing stm32l4xx_hal_pwr.o(i.HAL_PWR_EnableWakeUpPin), (176 bytes).
    Removing stm32l4xx_hal_pwr.o(i.HAL_PWR_EnterSLEEPMode), (176 bytes).
    Removing stm32l4xx_hal_pwr.o(i.HAL_PWR_EnterSTANDBYMode), (44 bytes).
    Removing stm32l4xx_hal_pwr.o(i.HAL_PWR_EnterSTOPMode), (104 bytes).
    Removing stm32l4xx_hal_pwr.o(i.HAL_PWR_PVDCallback), (2 bytes).
    Removing stm32l4xx_hal_cortex.o(.rev16_text), (4 bytes).
    Removing stm32l4xx_hal_cortex.o(.revsh_text), (4 bytes).
    Removing stm32l4xx_hal_cortex.o(.rrx_text), (6 bytes).
    Removing stm32l4xx_hal_cortex.o(i.HAL_MPU_ConfigRegion), (604 bytes).
    Removing stm32l4xx_hal_cortex.o(i.HAL_NVIC_ClearPendingIRQ), (28 bytes).
    Removing stm32l4xx_hal_cortex.o(i.HAL_NVIC_DisableIRQ), (104 bytes).
    Removing stm32l4xx_hal_cortex.o(i.HAL_NVIC_GetActive), (40 bytes).
    Removing stm32l4xx_hal_cortex.o(i.HAL_NVIC_GetPendingIRQ), (40 bytes).
    Removing stm32l4xx_hal_cortex.o(i.HAL_NVIC_GetPriority), (244 bytes).
    Removing stm32l4xx_hal_cortex.o(i.HAL_NVIC_GetPriorityGrouping), (8 bytes).
    Removing stm32l4xx_hal_cortex.o(i.HAL_NVIC_SetPendingIRQ), (28 bytes).
    Removing stm32l4xx_hal_cortex.o(i.HAL_NVIC_SystemReset), (68 bytes).
    Removing stm32l4xx_hal_crc_ex.o(.rev16_text), (4 bytes).
    Removing stm32l4xx_hal_crc_ex.o(.revsh_text), (4 bytes).
    Removing stm32l4xx_hal_crc_ex.o(.rrx_text), (6 bytes).
    Removing stm32l4xx_hal_crc_ex.o(i.HAL_CRCEx_Input_Data_Reverse), (116 bytes).
    Removing stm32l4xx_hal_crc_ex.o(i.HAL_CRCEx_Output_Data_Reverse), (108 bytes).
    Removing stm32l4xx_hal_rng.o(.rev16_text), (4 bytes).
    Removing stm32l4xx_hal_rng.o(.revsh_text), (4 bytes).
    Removing stm32l4xx_hal_rng.o(.rrx_text), (6 bytes).
    Removing stm32l4xx_hal_rng.o(i.HAL_RNG_DeInit), (54 bytes).
    Removing stm32l4xx_hal_rng.o(i.HAL_RNG_ErrorCallback), (2 bytes).
    Removing stm32l4xx_hal_rng.o(i.HAL_RNG_GenerateRandomNumber), (118 bytes).
    Removing stm32l4xx_hal_rng.o(i.HAL_RNG_GenerateRandomNumber_IT), (68 bytes).
    Removing stm32l4xx_hal_rng.o(i.HAL_RNG_GetRandomNumber), (24 bytes).
    Removing stm32l4xx_hal_rng.o(i.HAL_RNG_GetRandomNumber_IT), (46 bytes).
    Removing stm32l4xx_hal_rng.o(i.HAL_RNG_GetState), (6 bytes).
    Removing stm32l4xx_hal_rng.o(i.HAL_RNG_IRQHandler), (90 bytes).
    Removing stm32l4xx_hal_rng.o(i.HAL_RNG_MspDeInit), (2 bytes).
    Removing stm32l4xx_hal_rng.o(i.HAL_RNG_MspInit), (2 bytes).
    Removing stm32l4xx_hal_rng.o(i.HAL_RNG_ReadLastRandomNumber), (6 bytes).
    Removing stm32l4xx_hal_rng.o(i.HAL_RNG_ReadyDataCallback), (2 bytes).
    Removing stm32l4xx_hal_crc.o(.rev16_text), (4 bytes).
    Removing stm32l4xx_hal_crc.o(.revsh_text), (4 bytes).
    Removing stm32l4xx_hal_crc.o(.rrx_text), (6 bytes).
    Removing stm32l4xx_hal_crc.o(i.CRC_Handle_16), (64 bytes).
    Removing stm32l4xx_hal_crc.o(i.CRC_Handle_8), (148 bytes).
    Removing stm32l4xx_hal_crc.o(i.HAL_CRC_Accumulate), (126 bytes).
    Removing stm32l4xx_hal_crc.o(i.HAL_CRC_Calculate), (138 bytes).
    Removing stm32l4xx_hal_crc.o(i.HAL_CRC_DeInit), (144 bytes).
    Removing stm32l4xx_hal_crc.o(i.HAL_CRC_GetState), (6 bytes).
    Removing stm32l4xx_hal_crc.o(i.HAL_CRC_MspDeInit), (2 bytes).
    Removing stm32l4xx_hal_crc.o(i.HAL_CRC_MspInit), (2 bytes).

380 unused section(s) (total 42724 bytes) removed from the image.

==============================================================================

Image Symbol Table

    Local Symbols

    Symbol Name                              Value     Ov Type        Size  Object(Section)

    ../Drivers/STM32L4xx_HAL_Driver/Src/stm32l4xx_hal.c 0x00000000   Number         0  stm32l4xx_hal.o ABSOLUTE
    ../Drivers/STM32L4xx_HAL_Driver/Src/stm32l4xx_hal_cortex.c 0x00000000   Number         0  stm32l4xx_hal_cortex.o ABSOLUTE
    ../Drivers/STM32L4xx_HAL_Driver/Src/stm32l4xx_hal_crc.c 0x00000000   Number         0  stm32l4xx_hal_crc.o ABSOLUTE
    ../Drivers/STM32L4xx_HAL_Driver/Src/stm32l4xx_hal_crc_ex.c 0x00000000   Number         0  stm32l4xx_hal_crc_ex.o ABSOLUTE
    ../Drivers/STM32L4xx_HAL_Driver/Src/stm32l4xx_hal_dma.c 0x00000000   Number         0  stm32l4xx_hal_dma.o ABSOLUTE
    ../Drivers/STM32L4xx_HAL_Driver/Src/stm32l4xx_hal_flash.c 0x00000000   Number         0  stm32l4xx_hal_flash.o ABSOLUTE
    ../Drivers/STM32L4xx_HAL_Driver/Src/stm32l4xx_hal_flash_ex.c 0x00000000   Number         0  stm32l4xx_hal_flash_ex.o ABSOLUTE
    ../Drivers/STM32L4xx_HAL_Driver/Src/stm32l4xx_hal_flash_ramfunc.c 0x00000000   Number         0  stm32l4xx_hal_flash_ramfunc.o ABSOLUTE
    ../Drivers/STM32L4xx_HAL_Driver/Src/stm32l4xx_hal_gpio.c 0x00000000   Number         0  stm32l4xx_hal_gpio.o ABSOLUTE
    ../Drivers/STM32L4xx_HAL_Driver/Src/stm32l4xx_hal_i2c.c 0x00000000   Number         0  stm32l4xx_hal_i2c.o ABSOLUTE
    ../Drivers/STM32L4xx_HAL_Driver/Src/stm32l4xx_hal_i2c_ex.c 0x00000000   Number         0  stm32l4xx_hal_i2c_ex.o ABSOLUTE
    ../Drivers/STM32L4xx_HAL_Driver/Src/stm32l4xx_hal_pwr.c 0x00000000   Number         0  stm32l4xx_hal_pwr.o ABSOLUTE
    ../Drivers/STM32L4xx_HAL_Driver/Src/stm32l4xx_hal_pwr_ex.c 0x00000000   Number         0  stm32l4xx_hal_pwr_ex.o ABSOLUTE
    ../Drivers/STM32L4xx_HAL_Driver/Src/stm32l4xx_hal_qspi.c 0x00000000   Number         0  stm32l4xx_hal_qspi.o ABSOLUTE
    ../Drivers/STM32L4xx_HAL_Driver/Src/stm32l4xx_hal_rcc.c 0x00000000   Number         0  stm32l4xx_hal_rcc.o ABSOLUTE
    ../Drivers/STM32L4xx_HAL_Driver/Src/stm32l4xx_hal_rcc_ex.c 0x00000000   Number         0  stm32l4xx_hal_rcc_ex.o ABSOLUTE
    ../Drivers/STM32L4xx_HAL_Driver/Src/stm32l4xx_hal_rng.c 0x00000000   Number         0  stm32l4xx_hal_rng.o ABSOLUTE
    ../Drivers/STM32L4xx_HAL_Driver/Src/stm32l4xx_hal_tim.c 0x00000000   Number         0  stm32l4xx_hal_tim.o ABSOLUTE
    ../Drivers/STM32L4xx_HAL_Driver/Src/stm32l4xx_hal_tim_ex.c 0x00000000   Number         0  stm32l4xx_hal_tim_ex.o ABSOLUTE
    ../Src/crc.c                             0x00000000   Number         0  crc.o ABSOLUTE
    ../Src/gpio.c                            0x00000000   Number         0  gpio.o ABSOLUTE
    ../Src/main.c                            0x00000000   Number         0  main.o ABSOLUTE
    ../Src/quadspi.c                         0x00000000   Number         0  quadspi.o ABSOLUTE
    ../Src/rng.c                             0x00000000   Number         0  rng.o ABSOLUTE
    ../Src/stm32l4xx_hal_msp.c               0x00000000   Number         0  stm32l4xx_hal_msp.o ABSOLUTE
    ../Src/stm32l4xx_it.c                    0x00000000   Number         0  stm32l4xx_it.o ABSOLUTE
    ../Src/system_stm32l4xx.c                0x00000000   Number         0  system_stm32l4xx.o ABSOLUTE
    ../clib/microlib/init/entry.s            0x00000000   Number         0  entry7a.o ABSOLUTE
    ../clib/microlib/init/entry.s            0x00000000   Number         0  entry11b.o ABSOLUTE
    ../clib/microlib/init/entry.s            0x00000000   Number         0  entry11a.o ABSOLUTE
    ../clib/microlib/init/entry.s            0x00000000   Number         0  entry10a.o ABSOLUTE
    ../clib/microlib/init/entry.s            0x00000000   Number         0  entry9b.o ABSOLUTE
    ../clib/microlib/init/entry.s            0x00000000   Number         0  entry9a.o ABSOLUTE
    ../clib/microlib/init/entry.s            0x00000000   Number         0  entry8b.o ABSOLUTE
    ../clib/microlib/init/entry.s            0x00000000   Number         0  entry8a.o ABSOLUTE
    ../clib/microlib/init/entry.s            0x00000000   Number         0  entry10b.o ABSOLUTE
    ../clib/microlib/init/entry.s            0x00000000   Number         0  entry5.o ABSOLUTE
    ../clib/microlib/init/entry.s            0x00000000   Number         0  entry2.o ABSOLUTE
    ../clib/microlib/init/entry.s            0x00000000   Number         0  entry.o ABSOLUTE
    ../clib/microlib/init/entry.s            0x00000000   Number         0  entry7b.o ABSOLUTE
    ..\Drivers\STM32L4xx_HAL_Driver\Src\stm32l4xx_hal.c 0x00000000   Number         0  stm32l4xx_hal.o ABSOLUTE
    ..\Drivers\STM32L4xx_HAL_Driver\Src\stm32l4xx_hal_cortex.c 0x00000000   Number         0  stm32l4xx_hal_cortex.o ABSOLUTE
    ..\Drivers\STM32L4xx_HAL_Driver\Src\stm32l4xx_hal_crc.c 0x00000000   Number         0  stm32l4xx_hal_crc.o ABSOLUTE
    ..\Drivers\STM32L4xx_HAL_Driver\Src\stm32l4xx_hal_crc_ex.c 0x00000000   Number         0  stm32l4xx_hal_crc_ex.o ABSOLUTE
    ..\Drivers\STM32L4xx_HAL_Driver\Src\stm32l4xx_hal_dma.c 0x00000000   Number         0  stm32l4xx_hal_dma.o ABSOLUTE
    ..\Drivers\STM32L4xx_HAL_Driver\Src\stm32l4xx_hal_flash.c 0x00000000   Number         0  stm32l4xx_hal_flash.o ABSOLUTE
    ..\Drivers\STM32L4xx_HAL_Driver\Src\stm32l4xx_hal_flash_ex.c 0x00000000   Number         0  stm32l4xx_hal_flash_ex.o ABSOLUTE
    ..\Drivers\STM32L4xx_HAL_Driver\Src\stm32l4xx_hal_flash_ramfunc.c 0x00000000   Number         0  stm32l4xx_hal_flash_ramfunc.o ABSOLUTE
    ..\Drivers\STM32L4xx_HAL_Driver\Src\stm32l4xx_hal_gpio.c 0x00000000   Number         0  stm32l4xx_hal_gpio.o ABSOLUTE
    ..\Drivers\STM32L4xx_HAL_Driver\Src\stm32l4xx_hal_i2c.c 0x00000000   Number         0  stm32l4xx_hal_i2c.o ABSOLUTE
    ..\Drivers\STM32L4xx_HAL_Driver\Src\stm32l4xx_hal_i2c_ex.c 0x00000000   Number         0  stm32l4xx_hal_i2c_ex.o ABSOLUTE
    ..\Drivers\STM32L4xx_HAL_Driver\Src\stm32l4xx_hal_pwr.c 0x00000000   Number         0  stm32l4xx_hal_pwr.o ABSOLUTE
    ..\Drivers\STM32L4xx_HAL_Driver\Src\stm32l4xx_hal_pwr_ex.c 0x00000000   Number         0  stm32l4xx_hal_pwr_ex.o ABSOLUTE
    ..\Drivers\STM32L4xx_HAL_Driver\Src\stm32l4xx_hal_qspi.c 0x00000000   Number         0  stm32l4xx_hal_qspi.o ABSOLUTE
    ..\Drivers\STM32L4xx_HAL_Driver\Src\stm32l4xx_hal_rcc.c 0x00000000   Number         0  stm32l4xx_hal_rcc.o ABSOLUTE
    ..\Drivers\STM32L4xx_HAL_Driver\Src\stm32l4xx_hal_rcc_ex.c 0x00000000   Number         0  stm32l4xx_hal_rcc_ex.o ABSOLUTE
    ..\Drivers\STM32L4xx_HAL_Driver\Src\stm32l4xx_hal_rng.c 0x00000000   Number         0  stm32l4xx_hal_rng.o ABSOLUTE
    ..\Drivers\STM32L4xx_HAL_Driver\Src\stm32l4xx_hal_tim.c 0x00000000   Number         0  stm32l4xx_hal_tim.o ABSOLUTE
    ..\Drivers\STM32L4xx_HAL_Driver\Src\stm32l4xx_hal_tim_ex.c 0x00000000   Number         0  stm32l4xx_hal_tim_ex.o ABSOLUTE
    ..\Src\crc.c                             0x00000000   Number         0  crc.o ABSOLUTE
    ..\Src\gpio.c                            0x00000000   Number         0  gpio.o ABSOLUTE
    ..\Src\main.c                            0x00000000   Number         0  main.o ABSOLUTE
    ..\Src\quadspi.c                         0x00000000   Number         0  quadspi.o ABSOLUTE
    ..\Src\rng.c                             0x00000000   Number         0  rng.o ABSOLUTE
    ..\Src\stm32l4xx_hal_msp.c               0x00000000   Number         0  stm32l4xx_hal_msp.o ABSOLUTE
    ..\Src\stm32l4xx_it.c                    0x00000000   Number         0  stm32l4xx_it.o ABSOLUTE
    ..\Src\system_stm32l4xx.c                0x00000000   Number         0  system_stm32l4xx.o ABSOLUTE
    ..\VCU_Project2\Src\module.c             0x00000000   Number         0  module.o ABSOLUTE
    dc.s                                     0x00000000   Number         0  dc.o ABSOLUTE
    handlers.s                               0x00000000   Number         0  handlers.o ABSOLUTE
    init.s                                   0x00000000   Number         0  init.o ABSOLUTE
    startup_stm32l433xx.s                    0x00000000   Number         0  startup_stm32l433xx.o ABSOLUTE
    RESET                                    0x08000000   Section      396  startup_stm32l433xx.o(RESET)
    .ARM.Collect$$$$00000000                 0x0800018c   Section        0  entry.o(.ARM.Collect$$$$00000000)
    .ARM.Collect$$$$00000001                 0x0800018c   Section        4  entry2.o(.ARM.Collect$$$$00000001)
    .ARM.Collect$$$$00000004                 0x08000190   Section        4  entry5.o(.ARM.Collect$$$$00000004)
    .ARM.Collect$$$$00000008                 0x08000194   Section        0  entry7b.o(.ARM.Collect$$$$00000008)
    .ARM.Collect$$$$0000000A                 0x08000194   Section        0  entry8b.o(.ARM.Collect$$$$0000000A)
    .ARM.Collect$$$$0000000B                 0x08000194   Section        8  entry9a.o(.ARM.Collect$$$$0000000B)
    .ARM.Collect$$$$0000000D                 0x0800019c   Section        0  entry10a.o(.ARM.Collect$$$$0000000D)
    .ARM.Collect$$$$0000000F                 0x0800019c   Section        0  entry11a.o(.ARM.Collect$$$$0000000F)
    .ARM.Collect$$$$00002712                 0x0800019c   Section        4  entry2.o(.ARM.Collect$$$$00002712)
    __lit__00000000                          0x0800019c   Data           4  entry2.o(.ARM.Collect$$$$00002712)
    .text                                    0x080001a0   Section       36  startup_stm32l433xx.o(.text)
    $v0                                      0x080001a0   Number         0  startup_stm32l433xx.o(.text)
    .text                                    0x080001c4   Section       36  init.o(.text)
    i.BusFault_Handler                       0x080001e8   Section        0  stm32l4xx_it.o(i.BusFault_Handler)
    i.DebugMon_Handler                       0x080001ec   Section        0  stm32l4xx_it.o(i.DebugMon_Handler)
    i.Error_Handler                          0x080001ee   Section        0  main.o(i.Error_Handler)
    i.HAL_CRCEx_Polynomial_Set               0x080001f4   Section        0  stm32l4xx_hal_crc_ex.o(i.HAL_CRCEx_Polynomial_Set)
    i.HAL_CRC_Init                           0x080002b0   Section        0  stm32l4xx_hal_crc.o(i.HAL_CRC_Init)
    i.HAL_CRC_MspInit                        0x080003fc   Section        0  crc.o(i.HAL_CRC_MspInit)
    i.HAL_DMA_Abort_IT                       0x0800042c   Section        0  stm32l4xx_hal_dma.o(i.HAL_DMA_Abort_IT)
    i.HAL_GPIO_Init                          0x08000484   Section        0  stm32l4xx_hal_gpio.o(i.HAL_GPIO_Init)
    i.HAL_GPIO_WritePin                      0x080007e4   Section        0  stm32l4xx_hal_gpio.o(i.HAL_GPIO_WritePin)
    i.HAL_GetTick                            0x0800085c   Section        0  stm32l4xx_hal.o(i.HAL_GetTick)
    i.HAL_IncTick                            0x08000868   Section        0  stm32l4xx_hal.o(i.HAL_IncTick)
    i.HAL_Init                               0x08000878   Section        0  stm32l4xx_hal.o(i.HAL_Init)
    i.HAL_InitTick                           0x08000890   Section        0  stm32l4xx_hal.o(i.HAL_InitTick)
    i.HAL_MspInit                            0x080008b8   Section        0  stm32l4xx_hal_msp.o(i.HAL_MspInit)
    i.HAL_NVIC_EnableIRQ                     0x08000948   Section        0  stm32l4xx_hal_cortex.o(i.HAL_NVIC_EnableIRQ)
    i.HAL_NVIC_SetPriority                   0x080009b0   Section        0  stm32l4xx_hal_cortex.o(i.HAL_NVIC_SetPriority)
    i.HAL_NVIC_SetPriorityGrouping           0x08000a8c   Section        0  stm32l4xx_hal_cortex.o(i.HAL_NVIC_SetPriorityGrouping)
    i.HAL_PWREx_ControlVoltageScaling        0x08000b14   Section        0  stm32l4xx_hal_pwr_ex.o(i.HAL_PWREx_ControlVoltageScaling)
    i.HAL_PWREx_GetVoltageRange              0x08000bf4   Section        0  stm32l4xx_hal_pwr_ex.o(i.HAL_PWREx_GetVoltageRange)
    i.HAL_QSPI_AbortCpltCallback             0x08000c04   Section        0  stm32l4xx_hal_qspi.o(i.HAL_QSPI_AbortCpltCallback)
    i.HAL_QSPI_CmdCpltCallback               0x08000c06   Section        0  stm32l4xx_hal_qspi.o(i.HAL_QSPI_CmdCpltCallback)
    i.HAL_QSPI_ErrorCallback                 0x08000c08   Section        0  stm32l4xx_hal_qspi.o(i.HAL_QSPI_ErrorCallback)
    i.HAL_QSPI_FifoThresholdCallback         0x08000c0a   Section        0  stm32l4xx_hal_qspi.o(i.HAL_QSPI_FifoThresholdCallback)
    i.HAL_QSPI_IRQHandler                    0x08000c0c   Section        0  stm32l4xx_hal_qspi.o(i.HAL_QSPI_IRQHandler)
    i.HAL_QSPI_Init                          0x08000e68   Section        0  stm32l4xx_hal_qspi.o(i.HAL_QSPI_Init)
    i.HAL_QSPI_MspInit                       0x08001090   Section        0  quadspi.o(i.HAL_QSPI_MspInit)
    i.HAL_QSPI_RxCpltCallback                0x08001118   Section        0  stm32l4xx_hal_qspi.o(i.HAL_QSPI_RxCpltCallback)
    i.HAL_QSPI_SetTimeout                    0x0800111a   Section        0  stm32l4xx_hal_qspi.o(i.HAL_QSPI_SetTimeout)
    i.HAL_QSPI_StatusMatchCallback           0x0800111e   Section        0  stm32l4xx_hal_qspi.o(i.HAL_QSPI_StatusMatchCallback)
    i.HAL_QSPI_TimeOutCallback               0x08001120   Section        0  stm32l4xx_hal_qspi.o(i.HAL_QSPI_TimeOutCallback)
    i.HAL_QSPI_TxCpltCallback                0x08001122   Section        0  stm32l4xx_hal_qspi.o(i.HAL_QSPI_TxCpltCallback)
    i.HAL_RCCEx_PeriphCLKConfig              0x08001124   Section        0  stm32l4xx_hal_rcc_ex.o(i.HAL_RCCEx_PeriphCLKConfig)
    i.HAL_RCC_ClockConfig                    0x08001838   Section        0  stm32l4xx_hal_rcc.o(i.HAL_RCC_ClockConfig)
    i.HAL_RCC_GetHCLKFreq                    0x08001b5c   Section        0  stm32l4xx_hal_rcc.o(i.HAL_RCC_GetHCLKFreq)
    i.HAL_RCC_GetSysClockFreq                0x08001b68   Section        0  stm32l4xx_hal_rcc.o(i.HAL_RCC_GetSysClockFreq)
    i.HAL_RCC_OscConfig                      0x08001cdc   Section        0  stm32l4xx_hal_rcc.o(i.HAL_RCC_OscConfig)
    i.HAL_RNG_Init                           0x08002610   Section        0  stm32l4xx_hal_rng.o(i.HAL_RNG_Init)
    i.HAL_RNG_MspInit                        0x080026a8   Section        0  rng.o(i.HAL_RNG_MspInit)
    i.HAL_SYSTICK_CLKSourceConfig            0x080026d8   Section        0  stm32l4xx_hal_cortex.o(i.HAL_SYSTICK_CLKSourceConfig)
    i.HAL_SYSTICK_Callback                   0x08002754   Section        0  stm32l4xx_hal_cortex.o(i.HAL_SYSTICK_Callback)
    i.HAL_SYSTICK_Config                     0x08002756   Section        0  stm32l4xx_hal_cortex.o(i.HAL_SYSTICK_Config)
    i.HAL_SYSTICK_IRQHandler                 0x0800278a   Section        0  stm32l4xx_hal_cortex.o(i.HAL_SYSTICK_IRQHandler)
    i.HardFault_Handler                      0x08002792   Section        0  stm32l4xx_it.o(i.HardFault_Handler)
    i.MX_CRC_Init                            0x08002798   Section        0  crc.o(i.MX_CRC_Init)
    i.MX_GPIO_Init                           0x080027cc   Section        0  gpio.o(i.MX_GPIO_Init)
    i.MX_QUADSPI_Init                        0x0800286c   Section        0  quadspi.o(i.MX_QUADSPI_Init)
    i.MX_RNG_Init                            0x080028a4   Section        0  rng.o(i.MX_RNG_Init)
    i.MemManage_Handler                      0x080028c4   Section        0  stm32l4xx_it.o(i.MemManage_Handler)
    i.NMI_Handler                            0x080028c8   Section        0  stm32l4xx_it.o(i.NMI_Handler)
    i.NVIC_GetPriorityGrouping               0x080028cc   Section        0  stm32l4xx_hal_cortex.o(i.NVIC_GetPriorityGrouping)
    NVIC_GetPriorityGrouping                 0x080028cd   Thumb Code    10  stm32l4xx_hal_cortex.o(i.NVIC_GetPriorityGrouping)
    i.NVIC_SetPriority                       0x080028dc   Section        0  stm32l4xx_hal_cortex.o(i.NVIC_SetPriority)
    NVIC_SetPriority                         0x080028dd   Thumb Code    32  stm32l4xx_hal_cortex.o(i.NVIC_SetPriority)
    i.PendSV_Handler                         0x08002904   Section        0  stm32l4xx_it.o(i.PendSV_Handler)
    i.QSPI_DMAAbortCplt                      0x08002906   Section        0  stm32l4xx_hal_qspi.o(i.QSPI_DMAAbortCplt)
    QSPI_DMAAbortCplt                        0x08002907   Thumb Code    66  stm32l4xx_hal_qspi.o(i.QSPI_DMAAbortCplt)
    i.QSPI_WaitFlagStateUntilTimeout         0x08002948   Section        0  stm32l4xx_hal_qspi.o(i.QSPI_WaitFlagStateUntilTimeout)
    QSPI_WaitFlagStateUntilTimeout           0x08002949   Thumb Code    76  stm32l4xx_hal_qspi.o(i.QSPI_WaitFlagStateUntilTimeout)
    i.QUADSPI_IRQHandler                     0x08002994   Section        0  stm32l4xx_it.o(i.QUADSPI_IRQHandler)
    i.RCCEx_PLLSAI1_Config                   0x080029a4   Section        0  stm32l4xx_hal_rcc_ex.o(i.RCCEx_PLLSAI1_Config)
    RCCEx_PLLSAI1_Config                     0x080029a5   Thumb Code   708  stm32l4xx_hal_rcc_ex.o(i.RCCEx_PLLSAI1_Config)
    i.RCC_SetFlashLatencyFromMSIRange        0x08002cb8   Section        0  stm32l4xx_hal_rcc.o(i.RCC_SetFlashLatencyFromMSIRange)
    RCC_SetFlashLatencyFromMSIRange          0x08002cb9   Thumb Code   150  stm32l4xx_hal_rcc.o(i.RCC_SetFlashLatencyFromMSIRange)
    i.SVC_Handler                            0x08002d58   Section        0  stm32l4xx_it.o(i.SVC_Handler)
    i.SysTick_Handler                        0x08002d5a   Section        0  stm32l4xx_it.o(i.SysTick_Handler)
    i.SystemClock_Config                     0x08002d66   Section        0  main.o(i.SystemClock_Config)
    i.SystemInit                             0x08002e1c   Section        0  system_stm32l4xx.o(i.SystemInit)
    i.UsageFault_Handler                     0x08002e6c   Section        0  stm32l4xx_it.o(i.UsageFault_Handler)
    i.__scatterload_copy                     0x08002e70   Section       14  handlers.o(i.__scatterload_copy)
    i.__scatterload_null                     0x08002e7e   Section        2  handlers.o(i.__scatterload_null)
    i.__scatterload_zeroinit                 0x08002e80   Section       14  handlers.o(i.__scatterload_zeroinit)
    i.assert_failed                          0x08002e8e   Section        0  main.o(i.assert_failed)
    i.foo                                    0x08002e90   Section        0  module.o(i.foo)
    i.main                                   0x08002e98   Section        0  main.o(i.main)
    .constdata                               0x08002edc   Section       72  system_stm32l4xx.o(.constdata)
    .data                                    0x20000000   Section        4  system_stm32l4xx.o(.data)
    .data                                    0x20000004   Section        4  stm32l4xx_hal.o(.data)
    .bss                                     0x20000008   Section       68  quadspi.o(.bss)
    .bss                                     0x2000004c   Section       36  crc.o(.bss)
    .bss                                     0x20000070   Section       12  rng.o(.bss)
    STACK                                    0x20000080   Section     1024  startup_stm32l433xx.o(STACK)

    Global Symbols

    Symbol Name                              Value     Ov Type        Size  Object(Section)

    BuildAttributes$$THM_ISAv4$E$P$D$K$B$S$7EM$VFPi3$EXTD16$VFPS$VFMA$PE$A:L22UL41UL21$X:L11$S22US41US21$IEEE1$IW$USESV6$~STKCKD$USESV7$~SHL$OSPACE$EBA8$MICROLIB$REQ8$PRES8$EABIv2 0x00000000   Number         0  anon$$obj.o ABSOLUTE
    __ARM_use_no_argv                        0x00000000   Number         0  main.o ABSOLUTE
    __cpp_initialize__aeabi_                  - Undefined Weak Reference
    __cxa_finalize                            - Undefined Weak Reference
    __decompress                              - Undefined Weak Reference
    _clock_init                               - Undefined Weak Reference
    _microlib_exit                            - Undefined Weak Reference
    __Vectors_Size                           0x0000018c   Number         0  startup_stm32l433xx.o ABSOLUTE
    __Vectors                                0x08000000   Data           4  startup_stm32l433xx.o(RESET)
    __Vectors_End                            0x0800018c   Data           0  startup_stm32l433xx.o(RESET)
    __main                                   0x0800018d   Thumb Code     0  entry.o(.ARM.Collect$$$$00000000)
    _main_stk                                0x0800018d   Thumb Code     0  entry2.o(.ARM.Collect$$$$00000001)
    _main_scatterload                        0x08000191   Thumb Code     0  entry5.o(.ARM.Collect$$$$00000004)
    __main_after_scatterload                 0x08000195   Thumb Code     0  entry5.o(.ARM.Collect$$$$00000004)
    _main_clock                              0x08000195   Thumb Code     0  entry7b.o(.ARM.Collect$$$$00000008)
    _main_cpp_init                           0x08000195   Thumb Code     0  entry8b.o(.ARM.Collect$$$$0000000A)
    _main_init                               0x08000195   Thumb Code     0  entry9a.o(.ARM.Collect$$$$0000000B)
    __rt_final_cpp                           0x0800019d   Thumb Code     0  entry10a.o(.ARM.Collect$$$$0000000D)
    __rt_final_exit                          0x0800019d   Thumb Code     0  entry11a.o(.ARM.Collect$$$$0000000F)
    Reset_Handler                            0x080001a1   Thumb Code     8  startup_stm32l433xx.o(.text)
    ADC1_IRQHandler                          0x080001bb   Thumb Code     0  startup_stm32l433xx.o(.text)
    CAN1_RX0_IRQHandler                      0x080001bb   Thumb Code     0  startup_stm32l433xx.o(.text)
    CAN1_RX1_IRQHandler                      0x080001bb   Thumb Code     0  startup_stm32l433xx.o(.text)
    CAN1_SCE_IRQHandler                      0x080001bb   Thumb Code     0  startup_stm32l433xx.o(.text)
    CAN1_TX_IRQHandler                       0x080001bb   Thumb Code     0  startup_stm32l433xx.o(.text)
    COMP_IRQHandler                          0x080001bb   Thumb Code     0  startup_stm32l433xx.o(.text)
    CRS_IRQHandler                           0x080001bb   Thumb Code     0  startup_stm32l433xx.o(.text)
    DMA1_Channel1_IRQHandler                 0x080001bb   Thumb Code     0  startup_stm32l433xx.o(.text)
    DMA1_Channel2_IRQHandler                 0x080001bb   Thumb Code     0  startup_stm32l433xx.o(.text)
    DMA1_Channel3_IRQHandler                 0x080001bb   Thumb Code     0  startup_stm32l433xx.o(.text)
    DMA1_Channel4_IRQHandler                 0x080001bb   Thumb Code     0  startup_stm32l433xx.o(.text)
    DMA1_Channel5_IRQHandler                 0x080001bb   Thumb Code     0  startup_stm32l433xx.o(.text)
    DMA1_Channel6_IRQHandler                 0x080001bb   Thumb Code     0  startup_stm32l433xx.o(.text)
    DMA1_Channel7_IRQHandler                 0x080001bb   Thumb Code     0  startup_stm32l433xx.o(.text)
    DMA2_Channel1_IRQHandler                 0x080001bb   Thumb Code     0  startup_stm32l433xx.o(.text)
    DMA2_Channel2_IRQHandler                 0x080001bb   Thumb Code     0  startup_stm32l433xx.o(.text)
    DMA2_Channel3_IRQHandler                 0x080001bb   Thumb Code     0  startup_stm32l433xx.o(.text)
    DMA2_Channel4_IRQHandler                 0x080001bb   Thumb Code     0  startup_stm32l433xx.o(.text)
    DMA2_Channel5_IRQHandler                 0x080001bb   Thumb Code     0  startup_stm32l433xx.o(.text)
    DMA2_Channel6_IRQHandler                 0x080001bb   Thumb Code     0  startup_stm32l433xx.o(.text)
    DMA2_Channel7_IRQHandler                 0x080001bb   Thumb Code     0  startup_stm32l433xx.o(.text)
    EXTI0_IRQHandler                         0x080001bb   Thumb Code     0  startup_stm32l433xx.o(.text)
    EXTI15_10_IRQHandler                     0x080001bb   Thumb Code     0  startup_stm32l433xx.o(.text)
    EXTI1_IRQHandler                         0x080001bb   Thumb Code     0  startup_stm32l433xx.o(.text)
    EXTI2_IRQHandler                         0x080001bb   Thumb Code     0  startup_stm32l433xx.o(.text)
    EXTI3_IRQHandler                         0x080001bb   Thumb Code     0  startup_stm32l433xx.o(.text)
    EXTI4_IRQHandler                         0x080001bb   Thumb Code     0  startup_stm32l433xx.o(.text)
    EXTI9_5_IRQHandler                       0x080001bb   Thumb Code     0  startup_stm32l433xx.o(.text)
    FLASH_IRQHandler                         0x080001bb   Thumb Code     0  startup_stm32l433xx.o(.text)
    FPU_IRQHandler                           0x080001bb   Thumb Code     0  startup_stm32l433xx.o(.text)
    I2C1_ER_IRQHandler                       0x080001bb   Thumb Code     0  startup_stm32l433xx.o(.text)
    I2C1_EV_IRQHandler                       0x080001bb   Thumb Code     0  startup_stm32l433xx.o(.text)
    I2C2_ER_IRQHandler                       0x080001bb   Thumb Code     0  startup_stm32l433xx.o(.text)
    I2C2_EV_IRQHandler                       0x080001bb   Thumb Code     0  startup_stm32l433xx.o(.text)
    I2C3_ER_IRQHandler                       0x080001bb   Thumb Code     0  startup_stm32l433xx.o(.text)
    I2C3_EV_IRQHandler                       0x080001bb   Thumb Code     0  startup_stm32l433xx.o(.text)
    LCD_IRQHandler                           0x080001bb   Thumb Code     0  startup_stm32l433xx.o(.text)
    LPTIM1_IRQHandler                        0x080001bb   Thumb Code     0  startup_stm32l433xx.o(.text)
    LPTIM2_IRQHandler                        0x080001bb   Thumb Code     0  startup_stm32l433xx.o(.text)
    LPUART1_IRQHandler                       0x080001bb   Thumb Code     0  startup_stm32l433xx.o(.text)
    PVD_PVM_IRQHandler                       0x080001bb   Thumb Code     0  startup_stm32l433xx.o(.text)
    RCC_IRQHandler                           0x080001bb   Thumb Code     0  startup_stm32l433xx.o(.text)
    RNG_IRQHandler                           0x080001bb   Thumb Code     0  startup_stm32l433xx.o(.text)
    RTC_Alarm_IRQHandler                     0x080001bb   Thumb Code     0  startup_stm32l433xx.o(.text)
    RTC_WKUP_IRQHandler                      0x080001bb   Thumb Code     0  startup_stm32l433xx.o(.text)
    SAI1_IRQHandler                          0x080001bb   Thumb Code     0  startup_stm32l433xx.o(.text)
    SDMMC1_IRQHandler                        0x080001bb   Thumb Code     0  startup_stm32l433xx.o(.text)
    SPI1_IRQHandler                          0x080001bb   Thumb Code     0  startup_stm32l433xx.o(.text)
    SPI2_IRQHandler                          0x080001bb   Thumb Code     0  startup_stm32l433xx.o(.text)
    SPI3_IRQHandler                          0x080001bb   Thumb Code     0  startup_stm32l433xx.o(.text)
    SWPMI1_IRQHandler                        0x080001bb   Thumb Code     0  startup_stm32l433xx.o(.text)
    TAMP_STAMP_IRQHandler                    0x080001bb   Thumb Code     0  startup_stm32l433xx.o(.text)
    TIM1_BRK_TIM15_IRQHandler                0x080001bb   Thumb Code     0  startup_stm32l433xx.o(.text)
    TIM1_CC_IRQHandler                       0x080001bb   Thumb Code     0  startup_stm32l433xx.o(.text)
    TIM1_TRG_COM_IRQHandler                  0x080001bb   Thumb Code     0  startup_stm32l433xx.o(.text)
    TIM1_UP_TIM16_IRQHandler                 0x080001bb   Thumb Code     0  startup_stm32l433xx.o(.text)
    TIM2_IRQHandler                          0x080001bb   Thumb Code     0  startup_stm32l433xx.o(.text)
    TIM6_DAC_IRQHandler                      0x080001bb   Thumb Code     0  startup_stm32l433xx.o(.text)
    TIM7_IRQHandler                          0x080001bb   Thumb Code     0  startup_stm32l433xx.o(.text)
    TSC_IRQHandler                           0x080001bb   Thumb Code     0  startup_stm32l433xx.o(.text)
    USART1_IRQHandler                        0x080001bb   Thumb Code     0  startup_stm32l433xx.o(.text)
    USART2_IRQHandler                        0x080001bb   Thumb Code     0  startup_stm32l433xx.o(.text)
    USART3_IRQHandler                        0x080001bb   Thumb Code     0  startup_stm32l433xx.o(.text)
    USB_IRQHandler                           0x080001bb   Thumb Code     0  startup_stm32l433xx.o(.text)
    WWDG_IRQHandler                          0x080001bb   Thumb Code     0  startup_stm32l433xx.o(.text)
    __scatterload                            0x080001c5   Thumb Code    28  init.o(.text)
    __scatterload_rt2                        0x080001c5   Thumb Code     0  init.o(.text)
    BusFault_Handler                         0x080001e9   Thumb Code     4  stm32l4xx_it.o(i.BusFault_Handler)
    DebugMon_Handler                         0x080001ed   Thumb Code     2  stm32l4xx_it.o(i.DebugMon_Handler)
    Error_Handler                            0x080001ef   Thumb Code     4  main.o(i.Error_Handler)
    HAL_CRCEx_Polynomial_Set                 0x080001f5   Thumb Code   128  stm32l4xx_hal_crc_ex.o(i.HAL_CRCEx_Polynomial_Set)
    HAL_CRC_Init                             0x080002b1   Thumb Code   266  stm32l4xx_hal_crc.o(i.HAL_CRC_Init)
    HAL_CRC_MspInit                          0x080003fd   Thumb Code    40  crc.o(i.HAL_CRC_MspInit)
    HAL_DMA_Abort_IT                         0x0800042d   Thumb Code    88  stm32l4xx_hal_dma.o(i.HAL_DMA_Abort_IT)
    HAL_GPIO_Init                            0x08000485   Thumb Code   746  stm32l4xx_hal_gpio.o(i.HAL_GPIO_Init)
    HAL_GPIO_WritePin                        0x080007e5   Thumb Code    58  stm32l4xx_hal_gpio.o(i.HAL_GPIO_WritePin)
    HAL_GetTick                              0x0800085d   Thumb Code     6  stm32l4xx_hal.o(i.HAL_GetTick)
    HAL_IncTick                              0x08000869   Thumb Code    12  stm32l4xx_hal.o(i.HAL_IncTick)
    HAL_Init                                 0x08000879   Thumb Code    22  stm32l4xx_hal.o(i.HAL_Init)
    HAL_InitTick                             0x08000891   Thumb Code    36  stm32l4xx_hal.o(i.HAL_InitTick)
    HAL_MspInit                              0x080008b9   Thumb Code   140  stm32l4xx_hal_msp.o(i.HAL_MspInit)
    HAL_NVIC_EnableIRQ                       0x08000949   Thumb Code    44  stm32l4xx_hal_cortex.o(i.HAL_NVIC_EnableIRQ)
    HAL_NVIC_SetPriority                     0x080009b1   Thumb Code   152  stm32l4xx_hal_cortex.o(i.HAL_NVIC_SetPriority)
    HAL_NVIC_SetPriorityGrouping             0x08000a8d   Thumb Code    66  stm32l4xx_hal_cortex.o(i.HAL_NVIC_SetPriorityGrouping)
    HAL_PWREx_ControlVoltageScaling          0x08000b15   Thumb Code   152  stm32l4xx_hal_pwr_ex.o(i.HAL_PWREx_ControlVoltageScaling)
    HAL_PWREx_GetVoltageRange                0x08000bf5   Thumb Code    10  stm32l4xx_hal_pwr_ex.o(i.HAL_PWREx_GetVoltageRange)
    HAL_QSPI_AbortCpltCallback               0x08000c05   Thumb Code     2  stm32l4xx_hal_qspi.o(i.HAL_QSPI_AbortCpltCallback)
    HAL_QSPI_CmdCpltCallback                 0x08000c07   Thumb Code     2  stm32l4xx_hal_qspi.o(i.HAL_QSPI_CmdCpltCallback)
    HAL_QSPI_ErrorCallback                   0x08000c09   Thumb Code     2  stm32l4xx_hal_qspi.o(i.HAL_QSPI_ErrorCallback)
    HAL_QSPI_FifoThresholdCallback           0x08000c0b   Thumb Code     2  stm32l4xx_hal_qspi.o(i.HAL_QSPI_FifoThresholdCallback)
    HAL_QSPI_IRQHandler                      0x08000c0d   Thumb Code   600  stm32l4xx_hal_qspi.o(i.HAL_QSPI_IRQHandler)
    HAL_QSPI_Init                            0x08000e69   Thumb Code   480  stm32l4xx_hal_qspi.o(i.HAL_QSPI_Init)
    HAL_QSPI_MspInit                         0x08001091   Thumb Code   122  quadspi.o(i.HAL_QSPI_MspInit)
    HAL_QSPI_RxCpltCallback                  0x08001119   Thumb Code     2  stm32l4xx_hal_qspi.o(i.HAL_QSPI_RxCpltCallback)
    HAL_QSPI_SetTimeout                      0x0800111b   Thumb Code     4  stm32l4xx_hal_qspi.o(i.HAL_QSPI_SetTimeout)
    HAL_QSPI_StatusMatchCallback             0x0800111f   Thumb Code     2  stm32l4xx_hal_qspi.o(i.HAL_QSPI_StatusMatchCallback)
    HAL_QSPI_TimeOutCallback                 0x08001121   Thumb Code     2  stm32l4xx_hal_qspi.o(i.HAL_QSPI_TimeOutCallback)
    HAL_QSPI_TxCpltCallback                  0x08001123   Thumb Code     2  stm32l4xx_hal_qspi.o(i.HAL_QSPI_TxCpltCallback)
    HAL_RCCEx_PeriphCLKConfig                0x08001125   Thumb Code  1806  stm32l4xx_hal_rcc_ex.o(i.HAL_RCCEx_PeriphCLKConfig)
    HAL_RCC_ClockConfig                      0x08001839   Thumb Code   732  stm32l4xx_hal_rcc.o(i.HAL_RCC_ClockConfig)
    HAL_RCC_GetHCLKFreq                      0x08001b5d   Thumb Code     6  stm32l4xx_hal_rcc.o(i.HAL_RCC_GetHCLKFreq)
    HAL_RCC_GetSysClockFreq                  0x08001b69   Thumb Code   356  stm32l4xx_hal_rcc.o(i.HAL_RCC_GetSysClockFreq)
    HAL_RCC_OscConfig                        0x08001cdd   Thumb Code  2348  stm32l4xx_hal_rcc.o(i.HAL_RCC_OscConfig)
    HAL_RNG_Init                             0x08002611   Thumb Code    92  stm32l4xx_hal_rng.o(i.HAL_RNG_Init)
    HAL_RNG_MspInit                          0x080026a9   Thumb Code    40  rng.o(i.HAL_RNG_MspInit)
    HAL_SYSTICK_CLKSourceConfig              0x080026d9   Thumb Code    62  stm32l4xx_hal_cortex.o(i.HAL_SYSTICK_CLKSourceConfig)
    HAL_SYSTICK_Callback                     0x08002755   Thumb Code     2  stm32l4xx_hal_cortex.o(i.HAL_SYSTICK_Callback)
    HAL_SYSTICK_Config                       0x08002757   Thumb Code    52  stm32l4xx_hal_cortex.o(i.HAL_SYSTICK_Config)
    HAL_SYSTICK_IRQHandler                   0x0800278b   Thumb Code     8  stm32l4xx_hal_cortex.o(i.HAL_SYSTICK_IRQHandler)
    HardFault_Handler                        0x08002793   Thumb Code     4  stm32l4xx_it.o(i.HardFault_Handler)
    MX_CRC_Init                              0x08002799   Thumb Code    42  crc.o(i.MX_CRC_Init)
    MX_GPIO_Init                             0x080027cd   Thumb Code   150  gpio.o(i.MX_GPIO_Init)
    MX_QUADSPI_Init                          0x0800286d   Thumb Code    48  quadspi.o(i.MX_QUADSPI_Init)
    MX_RNG_Init                              0x080028a5   Thumb Code    22  rng.o(i.MX_RNG_Init)
    MemManage_Handler                        0x080028c5   Thumb Code     4  stm32l4xx_it.o(i.MemManage_Handler)
    NMI_Handler                              0x080028c9   Thumb Code     2  stm32l4xx_it.o(i.NMI_Handler)
    PendSV_Handler                           0x08002905   Thumb Code     2  stm32l4xx_it.o(i.PendSV_Handler)
    QUADSPI_IRQHandler                       0x08002995   Thumb Code    10  stm32l4xx_it.o(i.QUADSPI_IRQHandler)
    SVC_Handler                              0x08002d59   Thumb Code     2  stm32l4xx_it.o(i.SVC_Handler)
    SysTick_Handler                          0x08002d5b   Thumb Code    12  stm32l4xx_it.o(i.SysTick_Handler)
    SystemClock_Config                       0x08002d67   Thumb Code   182  main.o(i.SystemClock_Config)
    SystemInit                               0x08002e1d   Thumb Code    68  system_stm32l4xx.o(i.SystemInit)
    UsageFault_Handler                       0x08002e6d   Thumb Code     4  stm32l4xx_it.o(i.UsageFault_Handler)
    __scatterload_copy                       0x08002e71   Thumb Code    14  handlers.o(i.__scatterload_copy)
    __scatterload_null                       0x08002e7f   Thumb Code     2  handlers.o(i.__scatterload_null)
    __scatterload_zeroinit                   0x08002e81   Thumb Code    14  handlers.o(i.__scatterload_zeroinit)
    assert_failed                            0x08002e8f   Thumb Code     2  main.o(i.assert_failed)
    foo                                      0x08002e91   Thumb Code     6  module.o(i.foo)
    main                                     0x08002e99   Thumb Code    50  main.o(i.main)
    AHBPrescTable                            0x08002edc   Data          16  system_stm32l4xx.o(.constdata)
    APBPrescTable                            0x08002eec   Data           8  system_stm32l4xx.o(.constdata)
    MSIRangeTable                            0x08002ef4   Data          48  system_stm32l4xx.o(.constdata)
    Region$$Table$$Base                      0x08002f24   Number         0  anon$$obj.o(Region$$Table)
    Region$$Table$$Limit                     0x08002f44   Number         0  anon$$obj.o(Region$$Table)
    SystemCoreClock                          0x20000000   Data           4  system_stm32l4xx.o(.data)
    uwTick                                   0x20000004   Data           4  stm32l4xx_hal.o(.data)
    hqspi                                    0x20000008   Data          68  quadspi.o(.bss)
    hcrc                                     0x2000004c   Data          36  crc.o(.bss)
    hrng                                     0x20000070   Data          12  rng.o(.bss)
    __initial_sp                             0x20000480   Data           0  startup_stm32l433xx.o(STACK)



==============================================================================

Memory Map of the image

  Image Entry point : 0x0800018d

  Load Region LR_IROM1 (Base: 0x08000000, Size: 0x00002f4c, Max: 0x00040000, ABSOLUTE)

    Execution Region ER_IROM1 (Base: 0x08000000, Size: 0x00002f44, Max: 0x00040000, ABSOLUTE)

    Base Addr    Size         Type   Attr      Idx    E Section Name        Object

    0x08000000   0x0000018c   Data   RO          470    RESET               startup_stm32l433xx.o
    0x0800018c   0x00000000   Code   RO         2778  * .ARM.Collect$$$$00000000  mc_w.l(entry.o)
    0x0800018c   0x00000004   Code   RO         2781    .ARM.Collect$$$$00000001  mc_w.l(entry2.o)
    0x08000190   0x00000004   Code   RO         2784    .ARM.Collect$$$$00000004  mc_w.l(entry5.o)
    0x08000194   0x00000000   Code   RO         2786    .ARM.Collect$$$$00000008  mc_w.l(entry7b.o)
    0x08000194   0x00000000   Code   RO         2788    .ARM.Collect$$$$0000000A  mc_w.l(entry8b.o)
    0x08000194   0x00000008   Code   RO         2789    .ARM.Collect$$$$0000000B  mc_w.l(entry9a.o)
    0x0800019c   0x00000000   Code   RO         2791    .ARM.Collect$$$$0000000D  mc_w.l(entry10a.o)
    0x0800019c   0x00000000   Code   RO         2793    .ARM.Collect$$$$0000000F  mc_w.l(entry11a.o)
    0x0800019c   0x00000004   Code   RO         2782    .ARM.Collect$$$$00002712  mc_w.l(entry2.o)
    0x080001a0   0x00000024   Code   RO          471    .text               startup_stm32l433xx.o
    0x080001c4   0x00000024   Code   RO         2795    .text               mc_w.l(init.o)
    0x080001e8   0x00000004   Code   RO          269    i.BusFault_Handler  stm32l4xx_it.o
    0x080001ec   0x00000002   Code   RO          270    i.DebugMon_Handler  stm32l4xx_it.o
    0x080001ee   0x00000004   Code   RO          212    i.Error_Handler     main.o
    0x080001f2   0x00000002   PAD
    0x080001f4   0x000000bc   Code   RO         2581    i.HAL_CRCEx_Polynomial_Set  stm32l4xx_hal_crc_ex.o
    0x080002b0   0x0000014c   Code   RO         2717    i.HAL_CRC_Init      stm32l4xx_hal_crc.o
    0x080003fc   0x00000030   Code   RO          376    i.HAL_CRC_MspInit   crc.o
    0x0800042c   0x00000058   Code   RO         1452    i.HAL_DMA_Abort_IT  stm32l4xx_hal_dma.o
    0x08000484   0x00000360   Code   RO         2274    i.HAL_GPIO_Init     stm32l4xx_hal_gpio.o
    0x080007e4   0x00000078   Code   RO         2278    i.HAL_GPIO_WritePin  stm32l4xx_hal_gpio.o
    0x0800085c   0x0000000c   Code   RO         1659    i.HAL_GetTick       stm32l4xx_hal.o
    0x08000868   0x00000010   Code   RO         1660    i.HAL_IncTick       stm32l4xx_hal.o
    0x08000878   0x00000016   Code   RO         1661    i.HAL_Init          stm32l4xx_hal.o
    0x0800088e   0x00000002   PAD
    0x08000890   0x00000028   Code   RO         1662    i.HAL_InitTick      stm32l4xx_hal.o
    0x080008b8   0x00000090   Code   RO          351    i.HAL_MspInit       stm32l4xx_hal_msp.o
    0x08000948   0x00000068   Code   RO         2454    i.HAL_NVIC_EnableIRQ  stm32l4xx_hal_cortex.o
    0x080009b0   0x000000da   Code   RO         2460    i.HAL_NVIC_SetPriority  stm32l4xx_hal_cortex.o
    0x08000a8a   0x00000002   PAD
    0x08000a8c   0x00000088   Code   RO         2461    i.HAL_NVIC_SetPriorityGrouping  stm32l4xx_hal_cortex.o
    0x08000b14   0x000000e0   Code   RO          479    i.HAL_PWREx_ControlVoltageScaling  stm32l4xx_hal_pwr_ex.o
    0x08000bf4   0x00000010   Code   RO          506    i.HAL_PWREx_GetVoltageRange  stm32l4xx_hal_pwr_ex.o
    0x08000c04   0x00000002   Code   RO          796    i.HAL_QSPI_AbortCpltCallback  stm32l4xx_hal_qspi.o
    0x08000c06   0x00000002   Code   RO          800    i.HAL_QSPI_CmdCpltCallback  stm32l4xx_hal_qspi.o
    0x08000c08   0x00000002   Code   RO          804    i.HAL_QSPI_ErrorCallback  stm32l4xx_hal_qspi.o
    0x08000c0a   0x00000002   Code   RO          805    i.HAL_QSPI_FifoThresholdCallback  stm32l4xx_hal_qspi.o
    0x08000c0c   0x0000025c   Code   RO          809    i.HAL_QSPI_IRQHandler  stm32l4xx_hal_qspi.o
    0x08000e68   0x00000228   Code   RO          810    i.HAL_QSPI_Init     stm32l4xx_hal_qspi.o
    0x08001090   0x00000088   Code   RO          140    i.HAL_QSPI_MspInit  quadspi.o
    0x08001118   0x00000002   Code   RO          817    i.HAL_QSPI_RxCpltCallback  stm32l4xx_hal_qspi.o
    0x0800111a   0x00000004   Code   RO          820    i.HAL_QSPI_SetTimeout  stm32l4xx_hal_qspi.o
    0x0800111e   0x00000002   Code   RO          821    i.HAL_QSPI_StatusMatchCallback  stm32l4xx_hal_qspi.o
    0x08001120   0x00000002   Code   RO          822    i.HAL_QSPI_TimeOutCallback  stm32l4xx_hal_qspi.o
    0x08001122   0x00000002   Code   RO          826    i.HAL_QSPI_TxCpltCallback  stm32l4xx_hal_qspi.o
    0x08001124   0x00000714   Code   RO         1299    i.HAL_RCCEx_PeriphCLKConfig  stm32l4xx_hal_rcc_ex.o
    0x08001838   0x00000324   Code   RO          695    i.HAL_RCC_ClockConfig  stm32l4xx_hal_rcc.o
    0x08001b5c   0x0000000c   Code   RO          699    i.HAL_RCC_GetHCLKFreq  stm32l4xx_hal_rcc.o
    0x08001b68   0x00000174   Code   RO          703    i.HAL_RCC_GetSysClockFreq  stm32l4xx_hal_rcc.o
    0x08001cdc   0x00000934   Code   RO          706    i.HAL_RCC_OscConfig  stm32l4xx_hal_rcc.o
    0x08002610   0x00000098   Code   RO         2623    i.HAL_RNG_Init      stm32l4xx_hal_rng.o
    0x080026a8   0x00000030   Code   RO          418    i.HAL_RNG_MspInit   rng.o
    0x080026d8   0x0000007c   Code   RO         2463    i.HAL_SYSTICK_CLKSourceConfig  stm32l4xx_hal_cortex.o
    0x08002754   0x00000002   Code   RO         2464    i.HAL_SYSTICK_Callback  stm32l4xx_hal_cortex.o
    0x08002756   0x00000034   Code   RO         2465    i.HAL_SYSTICK_Config  stm32l4xx_hal_cortex.o
    0x0800278a   0x00000008   Code   RO         2466    i.HAL_SYSTICK_IRQHandler  stm32l4xx_hal_cortex.o
    0x08002792   0x00000004   Code   RO          271    i.HardFault_Handler  stm32l4xx_it.o
    0x08002796   0x00000002   PAD
    0x08002798   0x00000034   Code   RO          377    i.MX_CRC_Init       crc.o
    0x080027cc   0x000000a0   Code   RO          188    i.MX_GPIO_Init      gpio.o
    0x0800286c   0x00000038   Code   RO          141    i.MX_QUADSPI_Init   quadspi.o
    0x080028a4   0x00000020   Code   RO          419    i.MX_RNG_Init       rng.o
    0x080028c4   0x00000004   Code   RO          272    i.MemManage_Handler  stm32l4xx_it.o
    0x080028c8   0x00000002   Code   RO          273    i.NMI_Handler       stm32l4xx_it.o
    0x080028ca   0x00000002   PAD
    0x080028cc   0x00000010   Code   RO         2467    i.NVIC_GetPriorityGrouping  stm32l4xx_hal_cortex.o
    0x080028dc   0x00000028   Code   RO         2468    i.NVIC_SetPriority  stm32l4xx_hal_cortex.o
    0x08002904   0x00000002   Code   RO          274    i.PendSV_Handler    stm32l4xx_it.o
    0x08002906   0x00000042   Code   RO          829    i.QSPI_DMAAbortCplt  stm32l4xx_hal_qspi.o
    0x08002948   0x0000004c   Code   RO          835    i.QSPI_WaitFlagStateUntilTimeout  stm32l4xx_hal_qspi.o
    0x08002994   0x00000010   Code   RO          275    i.QUADSPI_IRQHandler  stm32l4xx_it.o
    0x080029a4   0x00000314   Code   RO         1302    i.RCCEx_PLLSAI1_Config  stm32l4xx_hal_rcc_ex.o
    0x08002cb8   0x000000a0   Code   RO          707    i.RCC_SetFlashLatencyFromMSIRange  stm32l4xx_hal_rcc.o
    0x08002d58   0x00000002   Code   RO          276    i.SVC_Handler       stm32l4xx_it.o
    0x08002d5a   0x0000000c   Code   RO          277    i.SysTick_Handler   stm32l4xx_it.o
    0x08002d66   0x000000b6   Code   RO          213    i.SystemClock_Config  main.o
    0x08002e1c   0x00000050   Code   RO            5    i.SystemInit        system_stm32l4xx.o
    0x08002e6c   0x00000004   Code   RO          278    i.UsageFault_Handler  stm32l4xx_it.o
    0x08002e70   0x0000000e   Code   RO         2799    i.__scatterload_copy  mc_w.l(handlers.o)
    0x08002e7e   0x00000002   Code   RO         2800    i.__scatterload_null  mc_w.l(handlers.o)
    0x08002e80   0x0000000e   Code   RO         2801    i.__scatterload_zeroinit  mc_w.l(handlers.o)
    0x08002e8e   0x00000002   Code   RO          214    i.assert_failed     main.o
    0x08002e90   0x00000006   Code   RO          456    i.foo               module.o
    0x08002e96   0x00000002   PAD
    0x08002e98   0x00000044   Code   RO          215    i.main              main.o
    0x08002edc   0x00000048   Data   RO            6    .constdata          system_stm32l4xx.o
    0x08002f24   0x00000020   Data   RO         2797    Region$$Table       anon$$obj.o


    Execution Region RW_IRAM1 (Base: 0x20000000, Size: 0x00000480, Max: 0x0000c000, ABSOLUTE)

    Base Addr    Size         Type   Attr      Idx    E Section Name        Object

    0x20000000   0x00000004   Data   RW            7    .data               system_stm32l4xx.o
    0x20000004   0x00000004   Data   RW         1677    .data               stm32l4xx_hal.o
    0x20000008   0x00000044   Zero   RW          142    .bss                quadspi.o
    0x2000004c   0x00000024   Zero   RW          378    .bss                crc.o
    0x20000070   0x0000000c   Zero   RW          420    .bss                rng.o
    0x2000007c   0x00000004   PAD
    0x20000080   0x00000400   Zero   RW          468    STACK               startup_stm32l433xx.o


==============================================================================

Image component sizes


      Code (inc. data)   RO Data    RW Data    ZI Data      Debug   Object Name

       100         18          0          0         36       1479   crc.o
       160         10          0          0          0        927   gpio.o
       256         18          0          0          0       2636   main.o
         6          0          0          0          0        778   module.o
       192         22          0          0         68       1673   quadspi.o
        80         18          0          0         12       1467   rng.o
        36          8        396          0       1024        808   startup_stm32l433xx.o
        90         14          0          4          0       3547   stm32l4xx_hal.o
       700        266          0          0          0      32817   stm32l4xx_hal_cortex.o
       332         66          0          0          0       1195   stm32l4xx_hal_crc.o
       188         60          0          0          0       1279   stm32l4xx_hal_crc_ex.o
        88          0          0          0          0       1067   stm32l4xx_hal_dma.o
       984        180          0          0          0       2668   stm32l4xx_hal_gpio.o
       144          4          0          0          0        898   stm32l4xx_hal_msp.o
       240         78          0          0          0       1398   stm32l4xx_hal_pwr_ex.o
      1318         76          0          0          0       9760   stm32l4xx_hal_qspi.o
      3704        190          0          0          0       6410   stm32l4xx_hal_rcc.o
      2600        156          0          0          0       3408   stm32l4xx_hal_rcc_ex.o
       152         60          0          0          0       1099   stm32l4xx_hal_rng.o
        52          6          0          0          0       4639   stm32l4xx_it.o
        80         12         72          4          0     662673   system_stm32l4xx.o

    ----------------------------------------------------------------------
     11514       1262        500          8       1144     742626   Object Totals
         0          0         32          0          0          0   (incl. Generated)
        12          0          0          0          4          0   (incl. Padding)

    ----------------------------------------------------------------------

      Code (inc. data)   RO Data    RW Data    ZI Data      Debug   Library Member Name

         0          0          0          0          0          0   entry.o
         0          0          0          0          0          0   entry10a.o
         0          0          0          0          0          0   entry11a.o
         8          4          0          0          0          0   entry2.o
         4          0          0          0          0          0   entry5.o
         0          0          0          0          0          0   entry7b.o
         0          0          0          0          0          0   entry8b.o
         8          4          0          0          0          0   entry9a.o
        30          0          0          0          0          0   handlers.o
        36          8          0          0          0         68   init.o

    ----------------------------------------------------------------------
        86         16          0          0          0         68   Library Totals
         0          0          0          0          0          0   (incl. Padding)

    ----------------------------------------------------------------------

      Code (inc. data)   RO Data    RW Data    ZI Data      Debug   Library Name

        86         16          0          0          0         68   mc_w.l

    ----------------------------------------------------------------------
        86         16          0          0          0         68   Library Totals

    ----------------------------------------------------------------------

==============================================================================


      Code (inc. data)   RO Data    RW Data    ZI Data      Debug   

     11600       1278        500          8       1144     736898   Grand Totals
     11600       1278        500          8       1144     736898   ELF Image Totals
     11600       1278        500          8          0          0   ROM Totals

==============================================================================

    Total RO  Size (Code + RO Data)                12100 (  11.82kB)
    Total RW  Size (RW Data + ZI Data)              1152 (   1.13kB)
    Total ROM Size (Code + RO Data + RW Data)      12108 (  11.82kB)

==============================================================================

